MPLINK 5.00, LINKER
Linker Map File - Created Tue Dec 13 09:48:06 2022

                                 Section Info
                  Section       Type    Address   Location Size(Bytes)
                ---------  ---------  ---------  ---------  ---------
               _entry_scn       code   0x000000    program   0x000006
           .code___init.o       code   0x000006    program   0x000002
      InterruptVectorHigh       code   0x000008    program   0x000006
           .romdata_lcd.o    romdata   0x00000e    program   0x000000
         .romdata_timer.o    romdata   0x00000e    program   0x000000
           .romdata_i2c.o    romdata   0x00000e    program   0x000000
           .romdata_adc.o    romdata   0x00000e    program   0x000000
     .romdata_interrupt.o    romdata   0x00000e    program   0x000000
        .romdata_button.o    romdata   0x00000e    program   0x000000
           .romdata_pwm.o    romdata   0x00000e    program   0x000000
.romdata_simulate_machine.o    romdata   0x00000e    program   0x000000
       .romdata_led7seg.o    romdata   0x00000e    program   0x000000
   .idata_traffic_led.o_i    romdata   0x00000e    program   0x000001
   .romdata_traffic_led.o    romdata   0x00000e    program   0x000000
      .romdata_fxd0808u.o    romdata   0x00000e    program   0x000000
         .romdata_c018i.o    romdata   0x00000e    program   0x000000
      .romdata_fxd1616u.o    romdata   0x00000e    program   0x000000
        .romdata___init.o    romdata   0x00000e    program   0x000000
      .romdata_fxd2424u.o    romdata   0x00000e    program   0x000000
       .romdata_fxm3232.o    romdata   0x00000e    program   0x000000
          .romdata_main.o    romdata   0x00000e    program   0x000000
      .romdata_fxd3232u.o    romdata   0x00000e    program   0x000000
          .romdata_uart.o    romdata   0x00000e    program   0x000000
          .idata_uart.o_i    romdata   0x00000e    program   0x000000
           .idata_pwm.o_i    romdata   0x00000f    program   0x000001
       .idata_led7seg.o_i    romdata   0x000010    program   0x000000
     .idata_interrupt.o_i    romdata   0x000010    program   0x000004
        .idata___init.o_i    romdata   0x000014    program   0x000000
           .idata_adc.o_i    romdata   0x000014    program   0x000000
       .idata_fxm3232.o_i    romdata   0x000014    program   0x000000
      .idata_fxd3232u.o_i    romdata   0x000014    program   0x000000
      .idata_fxd2424u.o_i    romdata   0x000014    program   0x000000
      .idata_fxd0808u.o_i    romdata   0x000014    program   0x000000
      .idata_fxd1616u.o_i    romdata   0x000014    program   0x000000
         .idata_c018i.o_i    romdata   0x000014    program   0x000000
            .code_c018i.o       code   0x000014    program   0x000000
       InterruptVectorLow       code   0x000018    program   0x000006
                   .cinit    romdata   0x00001e    program   0x00006e
              .code_lcd.o       code   0x00008c    program   0x00087c
             .code_main.o       code   0x000908    program   0x00047a
           .code_button.o       code   0x000d82    program   0x000398
            .code_timer.o       code   0x00111a    program   0x000296
              .code_i2c.o       code   0x0013b0    program   0x00028c
          .code_led7seg.o       code   0x00163c    program   0x000248
      .code_traffic_led.o       code   0x001884    program   0x0001f4
        .code_interrupt.o       code   0x001a78    program   0x00017c
             .code_uart.o       code   0x001bf4    program   0x000122
 .code_simulate_machine.o       code   0x001d16    program   0x000122
                     PROG       code   0x001e38    program   0x0000a6
               _cinit_scn       code   0x001ede    program   0x00009e
              .code_adc.o       code   0x001f7c    program   0x000090
          .code_fxm3232.o       code   0x00200c    program   0x000070
         .code_fxd3232u.o       code   0x00207c    program   0x000048
         .code_fxd2424u.o       code   0x0020c4    program   0x00003a
              .code_pwm.o       code   0x0020fe    program   0x000038
         .code_fxd1616u.o       code   0x002136    program   0x00002c
                    .code       code   0x002162    program   0x000020
             _startup_scn       code   0x002182    program   0x00001c
         .code_fxd0808u.o       code   0x00219e    program   0x00001c
             .stringtable    romdata   0x0021ba    program   0x000011
         .idata_timer.o_i    romdata   0x0021cb    program   0x000020
.idata_simulate_machine.o_i    romdata   0x0021eb    program   0x000013
          .idata_main.o_i    romdata   0x0021fe    program   0x000021
           .idata_lcd.o_i    romdata   0x00221f    program   0x000061
           .idata_i2c.o_i    romdata   0x002280    program   0x00001b
        .idata_button.o_i    romdata   0x00229b    program   0x000028
    .config_300001_main.o    romdata   0x300001    program   0x000001
    .config_300002_main.o    romdata   0x300002    program   0x000001
    .config_300003_main.o    romdata   0x300003    program   0x000001
    .config_300005_main.o    romdata   0x300005    program   0x000001
    .config_300006_main.o    romdata   0x300006    program   0x000001
    .config_300008_main.o    romdata   0x300008    program   0x000001
    .config_300009_main.o    romdata   0x300009    program   0x000001
    .config_30000a_main.o    romdata   0x30000a    program   0x000001
    .config_30000b_main.o    romdata   0x30000b    program   0x000001
    .config_30000c_main.o    romdata   0x30000c    program   0x000001
    .config_30000d_main.o    romdata   0x30000d    program   0x000001
                MATH_DATA      udata   0x000000       data   0x000010
                 .tmpdata      udata   0x000010       data   0x00000a
.udata_simulate_machine.o      udata   0x000080       data   0x000065
             .idata_i2c.o      idata   0x0000e5       data   0x00001b
          .idata_button.o      idata   0x000100       data   0x000028
            .idata_main.o      idata   0x000128       data   0x000021
           .idata_timer.o      idata   0x000149       data   0x000020
.idata_simulate_machine.o      idata   0x000169       data   0x000013
           .udata_c018i.o      udata   0x00017c       data   0x00000a
       .idata_interrupt.o      idata   0x000186       data   0x000004
             .udata_i2c.o      udata   0x00018a       data   0x000001
     .idata_traffic_led.o      idata   0x00018b       data   0x000001
             .idata_pwm.o      idata   0x00018c       data   0x000001
          .idata___init.o      idata   0x00018d       data   0x000000
          .udata___init.o      udata   0x00018d       data   0x000000
         .idata_fxm3232.o      idata   0x00018d       data   0x000000
         .udata_fxm3232.o      udata   0x00018d       data   0x000000
        .idata_fxd3232u.o      idata   0x00018d       data   0x000000
        .udata_fxd3232u.o      udata   0x00018d       data   0x000000
        .idata_fxd2424u.o      idata   0x00018d       data   0x000000
        .udata_fxd2424u.o      udata   0x00018d       data   0x000000
        .idata_fxd1616u.o      idata   0x00018d       data   0x000000
        .udata_fxd1616u.o      udata   0x00018d       data   0x000000
        .idata_fxd0808u.o      idata   0x00018d       data   0x000000
        .udata_fxd0808u.o      udata   0x00018d       data   0x000000
           .idata_c018i.o      idata   0x00018d       data   0x000000
     .udata_traffic_led.o      udata   0x00018d       data   0x000000
         .idata_led7seg.o      idata   0x00018d       data   0x000000
         .udata_led7seg.o      udata   0x00018d       data   0x000000
            .udata_uart.o      udata   0x00018d       data   0x000000
            .idata_uart.o      idata   0x00018d       data   0x000000
            .udata_main.o      udata   0x00018d       data   0x000000
             .idata_adc.o      idata   0x00018d       data   0x000000
          .udata_button.o      udata   0x00018d       data   0x000000
       .udata_interrupt.o      udata   0x00018d       data   0x000000
           .udata_timer.o      udata   0x00018d       data   0x000000
                   .stack      udata   0x000e00       data   0x000100
             .idata_lcd.o      idata   0x000f00       data   0x000061
             .udata_adc.o      udata   0x000f61       data   0x00001a
             .udata_lcd.o      udata   0x000f7b       data   0x000004
             .udata_pwm.o      udata   0x000f7f       data   0x000001
            SFR_UNBANKED0      udata   0x000f80       data   0x000080



                              Program Memory Usage 
                               Start         End      
                           ---------   ---------      
                            0x000000    0x000013      
                            0x000018    0x0022c2      
                            0x300001    0x300003      
                            0x300005    0x300006      
                            0x300008    0x30000d      
            8906 out of 66584 program addresses used, program memory utilization is 13%



                              Symbols - Sorted by Name
                     Name    Address   Location    Storage File                     
                ---------  ---------  ---------  --------- ---------                
          AppTrafficLight   0x000a28    program     extern C:\Users\MyLinh\Documents\GitHub\-n-TKLL\main.c
                  BCD2Dec   0x0013b0    program     extern C:\Users\MyLinh\Documents\GitHub\-n-TKLL\i2c\i2c.c
                   D1616S   0x001e5a    program     static E:\3.46\pic18-lt\cxx-framework\src\traditional\math\fxd1616s.asm
                D1616SNEG   0x001e68    program     static E:\3.46\pic18-lt\cxx-framework\src\traditional\math\fxd1616s.asm
                 D1616SOK   0x001e64    program     static E:\3.46\pic18-lt\cxx-framework\src\traditional\math\fxd1616s.asm
                  D1616SX   0x001e7a    program     static E:\3.46\pic18-lt\cxx-framework\src\traditional\math\fxd1616s.asm
                   D2424S   0x001eae    program     static E:\3.46\pic18-lt\cxx-framework\src\traditional\math\fxd2424s.asm
                D2424SNEG   0x001ebc    program     static E:\3.46\pic18-lt\cxx-framework\src\traditional\math\fxd2424s.asm
                 D2424SOK   0x001eb8    program     static E:\3.46\pic18-lt\cxx-framework\src\traditional\math\fxd2424s.asm
                  D2424SX   0x001ed4    program     static E:\3.46\pic18-lt\cxx-framework\src\traditional\math\fxd2424s.asm
                  DA1616S   0x001e4a    program     static E:\3.46\pic18-lt\cxx-framework\src\traditional\math\fxd1616s.asm
                  DA2424S   0x001e9a    program     static E:\3.46\pic18-lt\cxx-framework\src\traditional\math\fxd2424s.asm
                  Dec2BCD   0x0013d4    program     extern C:\Users\MyLinh\Documents\GitHub\-n-TKLL\i2c\i2c.c
       DisplayDataReceive   0x001dac    program     extern C:\Users\MyLinh\Documents\GitHub\-n-TKLL\simulate_machine\simulate_machine.c
         DisplayLcdScreen   0x00044a    program     extern C:\Users\MyLinh\Documents\GitHub\-n-TKLL\lcd\lcd.c
        DisplayLcdScreen2   0x0004ca    program     extern C:\Users\MyLinh\Documents\GitHub\-n-TKLL\lcd\lcd.c
      DisplayLcdScreenOld   0x000508    program     extern C:\Users\MyLinh\Documents\GitHub\-n-TKLL\lcd\lcd.c
                 FXD0808U   0x00219e    program     extern E:\3.46\pic18-lt\cxx-framework\src\traditional\math\fxd0808u.c
                 FXD1616S   0x001e38    program     extern E:\3.46\pic18-lt\cxx-framework\src\traditional\math\fxd1616s.asm
                 FXD1616U   0x002136    program     extern E:\3.46\pic18-lt\cxx-framework\src\traditional\math\fxd1616u.c
                 FXD2424S   0x001e84    program     extern E:\3.46\pic18-lt\cxx-framework\src\traditional\math\fxd2424s.asm
                 FXD2424U   0x0020c4    program     extern E:\3.46\pic18-lt\cxx-framework\src\traditional\math\fxd2424u.c
                 FXD3232U   0x00207c    program     extern E:\3.46\pic18-lt\cxx-framework\src\traditional\math\fxd3232u.c
                  FXM3232   0x00200c    program     extern E:\3.46\pic18-lt\cxx-framework\src\traditional\math\fxm3232.c
      InterruptVectorHigh   0x000008    program     extern C:\Users\MyLinh\Documents\GitHub\-n-TKLL\interrupt\interrupt.c
       InterruptVectorLow   0x000018    program     extern C:\Users\MyLinh\Documents\GitHub\-n-TKLL\interrupt\interrupt.c
                LcdClearS   0x0003fa    program     extern C:\Users\MyLinh\Documents\GitHub\-n-TKLL\lcd\lcd.c
            LcdPrintCharS   0x00052a    program     extern C:\Users\MyLinh\Documents\GitHub\-n-TKLL\lcd\lcd.c
              LcdPrintNum   0x000396    program     extern C:\Users\MyLinh\Documents\GitHub\-n-TKLL\lcd\lcd.c
             LcdPrintNumS   0x00056a    program     extern C:\Users\MyLinh\Documents\GitHub\-n-TKLL\lcd\lcd.c
           LcdPrintString   0x0003bc    program     extern C:\Users\MyLinh\Documents\GitHub\-n-TKLL\lcd\lcd.c
          LcdPrintStringS   0x000606    program     extern C:\Users\MyLinh\Documents\GitHub\-n-TKLL\lcd\lcd.c
             SetTimer0_ms   0x001256    program     extern C:\Users\MyLinh\Documents\GitHub\-n-TKLL\timer\timer.c
             SetTimer1_ms   0x00126e    program     extern C:\Users\MyLinh\Documents\GitHub\-n-TKLL\timer\timer.c
             SetTimer2_ms   0x0012a0    program     extern C:\Users\MyLinh\Documents\GitHub\-n-TKLL\timer\timer.c
             SetTimer3_ms   0x0012d2    program     extern C:\Users\MyLinh\Documents\GitHub\-n-TKLL\timer\timer.c
         SimulatedataSend   0x001daa    program     extern C:\Users\MyLinh\Documents\GitHub\-n-TKLL\simulate_machine\simulate_machine.c
   UartDataReceiveProcess   0x000cde    program     extern C:\Users\MyLinh\Documents\GitHub\-n-TKLL\main.c
           UartSendString   0x001cba    program     extern C:\Users\MyLinh\Documents\GitHub\-n-TKLL\uart\uart.c
       ___return_lbl00000   0x00207a    program     static                          
       ___return_lbl00000   0x000004    program     static                          
       ___return_lbl00000   0x0020c2    program     static                          
       ___return_lbl00000   0x0020fc    program     static                          
       ___return_lbl00000   0x002160    program     static                          
       ___return_lbl00000   0x0021b8    program     static                          
       ___return_lbl00001   0x00219c    program     static                          
       ___return_lbl00002   0x001f7a    program     static                          
       ___return_lbl00002   0x00001c    program     static                          
       ___return_lbl00003   0x00000c    program     static                          
               __config_0   0x300001    program     static C:\Users\MyLinh\Documents\GitHub\-n-TKLL\main.c
               __config_1   0x300002    program     static C:\Users\MyLinh\Documents\GitHub\-n-TKLL\main.c
              __config_10   0x30000d    program     static C:\Users\MyLinh\Documents\GitHub\-n-TKLL\main.c
               __config_2   0x300003    program     static C:\Users\MyLinh\Documents\GitHub\-n-TKLL\main.c
               __config_3   0x300005    program     static C:\Users\MyLinh\Documents\GitHub\-n-TKLL\main.c
               __config_4   0x300006    program     static C:\Users\MyLinh\Documents\GitHub\-n-TKLL\main.c
               __config_5   0x300008    program     static C:\Users\MyLinh\Documents\GitHub\-n-TKLL\main.c
               __config_6   0x300009    program     static C:\Users\MyLinh\Documents\GitHub\-n-TKLL\main.c
               __config_7   0x30000a    program     static C:\Users\MyLinh\Documents\GitHub\-n-TKLL\main.c
               __config_8   0x30000b    program     static C:\Users\MyLinh\Documents\GitHub\-n-TKLL\main.c
               __config_9   0x30000c    program     static C:\Users\MyLinh\Documents\GitHub\-n-TKLL\main.c
                   __init   0x000006    program     extern E:\3.46\pic18-lt\cxx-framework\src\traditional\stdclib\__init.c
                   __pa_0   0x001304    program     static C:\Users\MyLinh\Documents\GitHub\-n-TKLL\timer\timer.c
                   __pa_0   0x000638    program     static C:\Users\MyLinh\Documents\GitHub\-n-TKLL\lcd\lcd.c
                   __pa_0   0x0015be    program     static C:\Users\MyLinh\Documents\GitHub\-n-TKLL\i2c\i2c.c
                   __pa_0   0x001e18    program     static C:\Users\MyLinh\Documents\GitHub\-n-TKLL\simulate_machine\simulate_machine.c
                   __pa_0   0x00184e    program     static C:\Users\MyLinh\Documents\GitHub\-n-TKLL\led7seg\led7seg.c
                   __pa_0   0x001b6c    program     static C:\Users\MyLinh\Documents\GitHub\-n-TKLL\interrupt\interrupt.c
                   __pa_0   0x001a42    program     static C:\Users\MyLinh\Documents\GitHub\-n-TKLL\traffic_led\traffic_led.c
                   __pa_0   0x001ce2    program     static C:\Users\MyLinh\Documents\GitHub\-n-TKLL\uart\uart.c
                   __pa_0   0x000d22    program     static C:\Users\MyLinh\Documents\GitHub\-n-TKLL\main.c
                   __pa_0   0x001006    program     static C:\Users\MyLinh\Documents\GitHub\-n-TKLL\button_matrix\button.c
                   __pa_1   0x00185c    program     static C:\Users\MyLinh\Documents\GitHub\-n-TKLL\led7seg\led7seg.c
                   __pa_1   0x001a4e    program     static C:\Users\MyLinh\Documents\GitHub\-n-TKLL\traffic_led\traffic_led.c
                   __pa_1   0x001e2a    program     static C:\Users\MyLinh\Documents\GitHub\-n-TKLL\simulate_machine\simulate_machine.c
                   __pa_1   0x000d32    program     static C:\Users\MyLinh\Documents\GitHub\-n-TKLL\main.c
                   __pa_1   0x001028    program     static C:\Users\MyLinh\Documents\GitHub\-n-TKLL\button_matrix\button.c
                   __pa_1   0x0015c6    program     static C:\Users\MyLinh\Documents\GitHub\-n-TKLL\i2c\i2c.c
                   __pa_1   0x001330    program     static C:\Users\MyLinh\Documents\GitHub\-n-TKLL\timer\timer.c
                   __pa_1   0x001b96    program     static C:\Users\MyLinh\Documents\GitHub\-n-TKLL\interrupt\interrupt.c
                   __pa_1   0x000646    program     static C:\Users\MyLinh\Documents\GitHub\-n-TKLL\lcd\lcd.c
                   __pa_1   0x001cf4    program     static C:\Users\MyLinh\Documents\GitHub\-n-TKLL\uart\uart.c
                  __pa_10   0x0006ca    program     static C:\Users\MyLinh\Documents\GitHub\-n-TKLL\lcd\lcd.c
                  __pa_10   0x0013a2    program     static C:\Users\MyLinh\Documents\GitHub\-n-TKLL\timer\timer.c
                  __pa_10   0x0010a8    program     static C:\Users\MyLinh\Documents\GitHub\-n-TKLL\button_matrix\button.c
                  __pa_11   0x0006e4    program     static C:\Users\MyLinh\Documents\GitHub\-n-TKLL\lcd\lcd.c
                  __pa_11   0x0010b2    program     static C:\Users\MyLinh\Documents\GitHub\-n-TKLL\button_matrix\button.c
                  __pa_12   0x0006fe    program     static C:\Users\MyLinh\Documents\GitHub\-n-TKLL\lcd\lcd.c
                  __pa_12   0x0010ba    program     static C:\Users\MyLinh\Documents\GitHub\-n-TKLL\button_matrix\button.c
                  __pa_13   0x000716    program     static C:\Users\MyLinh\Documents\GitHub\-n-TKLL\lcd\lcd.c
                  __pa_13   0x0010ee    program     static C:\Users\MyLinh\Documents\GitHub\-n-TKLL\button_matrix\button.c
                  __pa_14   0x00072e    program     static C:\Users\MyLinh\Documents\GitHub\-n-TKLL\lcd\lcd.c
                  __pa_14   0x0010f6    program     static C:\Users\MyLinh\Documents\GitHub\-n-TKLL\button_matrix\button.c
                  __pa_15   0x000746    program     static C:\Users\MyLinh\Documents\GitHub\-n-TKLL\lcd\lcd.c
                  __pa_15   0x001100    program     static C:\Users\MyLinh\Documents\GitHub\-n-TKLL\button_matrix\button.c
                  __pa_16   0x000756    program     static C:\Users\MyLinh\Documents\GitHub\-n-TKLL\lcd\lcd.c
                  __pa_16   0x00110a    program     static C:\Users\MyLinh\Documents\GitHub\-n-TKLL\button_matrix\button.c
                  __pa_17   0x000768    program     static C:\Users\MyLinh\Documents\GitHub\-n-TKLL\lcd\lcd.c
                  __pa_18   0x000774    program     static C:\Users\MyLinh\Documents\GitHub\-n-TKLL\lcd\lcd.c
                  __pa_19   0x000786    program     static C:\Users\MyLinh\Documents\GitHub\-n-TKLL\lcd\lcd.c
                   __pa_2   0x001cfe    program     static C:\Users\MyLinh\Documents\GitHub\-n-TKLL\uart\uart.c
                   __pa_2   0x000652    program     static C:\Users\MyLinh\Documents\GitHub\-n-TKLL\lcd\lcd.c
                   __pa_2   0x001a5c    program     static C:\Users\MyLinh\Documents\GitHub\-n-TKLL\traffic_led\traffic_led.c
                   __pa_2   0x00133a    program     static C:\Users\MyLinh\Documents\GitHub\-n-TKLL\timer\timer.c
                   __pa_2   0x001bbc    program     static C:\Users\MyLinh\Documents\GitHub\-n-TKLL\interrupt\interrupt.c
                   __pa_2   0x0015d0    program     static C:\Users\MyLinh\Documents\GitHub\-n-TKLL\i2c\i2c.c
                   __pa_2   0x001866    program     static C:\Users\MyLinh\Documents\GitHub\-n-TKLL\led7seg\led7seg.c
                   __pa_2   0x000d3c    program     static C:\Users\MyLinh\Documents\GitHub\-n-TKLL\main.c
                   __pa_2   0x001042    program     static C:\Users\MyLinh\Documents\GitHub\-n-TKLL\button_matrix\button.c
                  __pa_20   0x000798    program     static C:\Users\MyLinh\Documents\GitHub\-n-TKLL\lcd\lcd.c
                  __pa_21   0x0007a2    program     static C:\Users\MyLinh\Documents\GitHub\-n-TKLL\lcd\lcd.c
                  __pa_22   0x0007aa    program     static C:\Users\MyLinh\Documents\GitHub\-n-TKLL\lcd\lcd.c
                  __pa_23   0x0007b8    program     static C:\Users\MyLinh\Documents\GitHub\-n-TKLL\lcd\lcd.c
                  __pa_24   0x0007c6    program     static C:\Users\MyLinh\Documents\GitHub\-n-TKLL\lcd\lcd.c
                  __pa_25   0x0007d4    program     static C:\Users\MyLinh\Documents\GitHub\-n-TKLL\lcd\lcd.c
                  __pa_26   0x0007de    program     static C:\Users\MyLinh\Documents\GitHub\-n-TKLL\lcd\lcd.c
                  __pa_27   0x0007f0    program     static C:\Users\MyLinh\Documents\GitHub\-n-TKLL\lcd\lcd.c
                  __pa_28   0x0007fc    program     static C:\Users\MyLinh\Documents\GitHub\-n-TKLL\lcd\lcd.c
                  __pa_29   0x000808    program     static C:\Users\MyLinh\Documents\GitHub\-n-TKLL\lcd\lcd.c
                   __pa_3   0x0015d8    program     static C:\Users\MyLinh\Documents\GitHub\-n-TKLL\i2c\i2c.c
                   __pa_3   0x001870    program     static C:\Users\MyLinh\Documents\GitHub\-n-TKLL\led7seg\led7seg.c
                   __pa_3   0x000d4c    program     static C:\Users\MyLinh\Documents\GitHub\-n-TKLL\main.c
                   __pa_3   0x001342    program     static C:\Users\MyLinh\Documents\GitHub\-n-TKLL\timer\timer.c
                   __pa_3   0x001d06    program     static C:\Users\MyLinh\Documents\GitHub\-n-TKLL\uart\uart.c
                   __pa_3   0x000660    program     static C:\Users\MyLinh\Documents\GitHub\-n-TKLL\lcd\lcd.c
                   __pa_3   0x001054    program     static C:\Users\MyLinh\Documents\GitHub\-n-TKLL\button_matrix\button.c
                   __pa_3   0x001a66    program     static C:\Users\MyLinh\Documents\GitHub\-n-TKLL\traffic_led\traffic_led.c
                   __pa_3   0x001bca    program     static C:\Users\MyLinh\Documents\GitHub\-n-TKLL\interrupt\interrupt.c
                  __pa_30   0x000814    program     static C:\Users\MyLinh\Documents\GitHub\-n-TKLL\lcd\lcd.c
                  __pa_31   0x00081e    program     static C:\Users\MyLinh\Documents\GitHub\-n-TKLL\lcd\lcd.c
                  __pa_32   0x000830    program     static C:\Users\MyLinh\Documents\GitHub\-n-TKLL\lcd\lcd.c
                  __pa_33   0x000846    program     static C:\Users\MyLinh\Documents\GitHub\-n-TKLL\lcd\lcd.c
                  __pa_34   0x00085c    program     static C:\Users\MyLinh\Documents\GitHub\-n-TKLL\lcd\lcd.c
                  __pa_35   0x000864    program     static C:\Users\MyLinh\Documents\GitHub\-n-TKLL\lcd\lcd.c
                  __pa_36   0x00086e    program     static C:\Users\MyLinh\Documents\GitHub\-n-TKLL\lcd\lcd.c
                  __pa_37   0x00087c    program     static C:\Users\MyLinh\Documents\GitHub\-n-TKLL\lcd\lcd.c
                  __pa_38   0x000886    program     static C:\Users\MyLinh\Documents\GitHub\-n-TKLL\lcd\lcd.c
                  __pa_39   0x000898    program     static C:\Users\MyLinh\Documents\GitHub\-n-TKLL\lcd\lcd.c
                   __pa_4   0x0015f0    program     static C:\Users\MyLinh\Documents\GitHub\-n-TKLL\i2c\i2c.c
                   __pa_4   0x001a6e    program     static C:\Users\MyLinh\Documents\GitHub\-n-TKLL\traffic_led\traffic_led.c
                   __pa_4   0x001bd8    program     static C:\Users\MyLinh\Documents\GitHub\-n-TKLL\interrupt\interrupt.c
                   __pa_4   0x001878    program     static C:\Users\MyLinh\Documents\GitHub\-n-TKLL\led7seg\led7seg.c
                   __pa_4   0x000d58    program     static C:\Users\MyLinh\Documents\GitHub\-n-TKLL\main.c
                   __pa_4   0x00066a    program     static C:\Users\MyLinh\Documents\GitHub\-n-TKLL\lcd\lcd.c
                   __pa_4   0x00134a    program     static C:\Users\MyLinh\Documents\GitHub\-n-TKLL\timer\timer.c
                   __pa_4   0x001066    program     static C:\Users\MyLinh\Documents\GitHub\-n-TKLL\button_matrix\button.c
                  __pa_40   0x0008aa    program     static C:\Users\MyLinh\Documents\GitHub\-n-TKLL\lcd\lcd.c
                  __pa_41   0x0008bc    program     static C:\Users\MyLinh\Documents\GitHub\-n-TKLL\lcd\lcd.c
                  __pa_42   0x0008c6    program     static C:\Users\MyLinh\Documents\GitHub\-n-TKLL\lcd\lcd.c
                  __pa_43   0x0008d0    program     static C:\Users\MyLinh\Documents\GitHub\-n-TKLL\lcd\lcd.c
                  __pa_44   0x0008d6    program     static C:\Users\MyLinh\Documents\GitHub\-n-TKLL\lcd\lcd.c
                  __pa_45   0x0008e2    program     static C:\Users\MyLinh\Documents\GitHub\-n-TKLL\lcd\lcd.c
                  __pa_46   0x0008ee    program     static C:\Users\MyLinh\Documents\GitHub\-n-TKLL\lcd\lcd.c
                  __pa_47   0x0008f6    program     static C:\Users\MyLinh\Documents\GitHub\-n-TKLL\lcd\lcd.c
                  __pa_48   0x0008fe    program     static C:\Users\MyLinh\Documents\GitHub\-n-TKLL\lcd\lcd.c
                   __pa_5   0x000672    program     static C:\Users\MyLinh\Documents\GitHub\-n-TKLL\lcd\lcd.c
                   __pa_5   0x000d60    program     static C:\Users\MyLinh\Documents\GitHub\-n-TKLL\main.c
                   __pa_5   0x00135a    program     static C:\Users\MyLinh\Documents\GitHub\-n-TKLL\timer\timer.c
                   __pa_5   0x00107a    program     static C:\Users\MyLinh\Documents\GitHub\-n-TKLL\button_matrix\button.c
                   __pa_5   0x001be6    program     static C:\Users\MyLinh\Documents\GitHub\-n-TKLL\interrupt\interrupt.c
                   __pa_5   0x001602    program     static C:\Users\MyLinh\Documents\GitHub\-n-TKLL\i2c\i2c.c
                   __pa_6   0x001612    program     static C:\Users\MyLinh\Documents\GitHub\-n-TKLL\i2c\i2c.c
                   __pa_6   0x00067c    program     static C:\Users\MyLinh\Documents\GitHub\-n-TKLL\lcd\lcd.c
                   __pa_6   0x00136a    program     static C:\Users\MyLinh\Documents\GitHub\-n-TKLL\timer\timer.c
                   __pa_6   0x001084    program     static C:\Users\MyLinh\Documents\GitHub\-n-TKLL\button_matrix\button.c
                   __pa_6   0x000d68    program     static C:\Users\MyLinh\Documents\GitHub\-n-TKLL\main.c
                   __pa_7   0x00161e    program     static C:\Users\MyLinh\Documents\GitHub\-n-TKLL\i2c\i2c.c
                   __pa_7   0x00068e    program     static C:\Users\MyLinh\Documents\GitHub\-n-TKLL\lcd\lcd.c
                   __pa_7   0x000d6e    program     static C:\Users\MyLinh\Documents\GitHub\-n-TKLL\main.c
                   __pa_7   0x001378    program     static C:\Users\MyLinh\Documents\GitHub\-n-TKLL\timer\timer.c
                   __pa_7   0x00108e    program     static C:\Users\MyLinh\Documents\GitHub\-n-TKLL\button_matrix\button.c
                   __pa_8   0x0006ac    program     static C:\Users\MyLinh\Documents\GitHub\-n-TKLL\lcd\lcd.c
                   __pa_8   0x000d74    program     static C:\Users\MyLinh\Documents\GitHub\-n-TKLL\main.c
                   __pa_8   0x001386    program     static C:\Users\MyLinh\Documents\GitHub\-n-TKLL\timer\timer.c
                   __pa_8   0x001098    program     static C:\Users\MyLinh\Documents\GitHub\-n-TKLL\button_matrix\button.c
                   __pa_8   0x00162a    program     static C:\Users\MyLinh\Documents\GitHub\-n-TKLL\i2c\i2c.c
                   __pa_9   0x001394    program     static C:\Users\MyLinh\Documents\GitHub\-n-TKLL\timer\timer.c
                   __pa_9   0x001634    program     static C:\Users\MyLinh\Documents\GitHub\-n-TKLL\i2c\i2c.c
                   __pa_9   0x0010a0    program     static C:\Users\MyLinh\Documents\GitHub\-n-TKLL\button_matrix\button.c
                   __pa_9   0x0006b2    program     static C:\Users\MyLinh\Documents\GitHub\-n-TKLL\lcd\lcd.c
               __string_0   0x0021ba    program     static C:\Users\MyLinh\Documents\GitHub\-n-TKLL\simulate_machine\simulate_machine.c
            __zero_memory   0x002162    program     extern E:\3.46\pic18-lt\cxx-framework\src\traditional\proc\p18f4620.asm
                _do_cinit   0x001ede    program     extern E:\3.46\pic18-lt\cxx-framework\src\traditional\startup\c018i.c
                   _entry   0x000000    program     extern E:\3.46\pic18-lt\cxx-framework\src\traditional\startup\c018i.c
                   _false   0x0020be    program     static                          
                   _false   0x0020f8    program     static                          
                 _startup   0x002182    program     extern E:\3.46\pic18-lt\cxx-framework\src\traditional\startup\c018i.c
              blinkGreens   0x0018a2    program     extern C:\Users\MyLinh\Documents\GitHub\-n-TKLL\traffic_led\traffic_led.c
                blinkLeds   0x001890    program     extern C:\Users\MyLinh\Documents\GitHub\-n-TKLL\traffic_led\traffic_led.c
                blinkReds   0x001898    program     extern C:\Users\MyLinh\Documents\GitHub\-n-TKLL\traffic_led\traffic_led.c
             blinkYellows   0x00189c    program     extern C:\Users\MyLinh\Documents\GitHub\-n-TKLL\traffic_led\traffic_led.c
          button_delay_ms   0x000eb0    program     extern C:\Users\MyLinh\Documents\GitHub\-n-TKLL\button_matrix\button.c
                compare_l   0x002178    program     static E:\3.46\pic18-lt\cxx-framework\src\traditional\proc\p18f4620.asm
              control_led   0x00179c    program     extern C:\Users\MyLinh\Documents\GitHub\-n-TKLL\led7seg\led7seg.c
      control_traffic_led   0x0019a8    program     extern C:\Users\MyLinh\Documents\GitHub\-n-TKLL\traffic_led\traffic_led.c
                copy_loop   0x001f50    program     static                          
            copy_one_byte   0x001f56    program     static                          
                 delay_ms   0x00093c    program     extern C:\Users\MyLinh\Documents\GitHub\-n-TKLL\main.c
            delay_ms_7seg   0x0017d4    program     extern C:\Users\MyLinh\Documents\GitHub\-n-TKLL\led7seg\led7seg.c
         delay_ms_traffic   0x0019c6    program     extern C:\Users\MyLinh\Documents\GitHub\-n-TKLL\traffic_led\traffic_led.c
              display_led   0x001700    program     extern C:\Users\MyLinh\Documents\GitHub\-n-TKLL\led7seg\led7seg.c
                     done   0x001f7a    program     static                          
             done_copying   0x001f64    program     static                          
           ds1307_control   0x00140c    program     extern C:\Users\MyLinh\Documents\GitHub\-n-TKLL\i2c\i2c.c
           eeprom_control   0x001418    program     extern C:\Users\MyLinh\Documents\GitHub\-n-TKLL\i2c\i2c.c
                  endloop   0x0021b4    program     static                          
                  endloop   0x00215c    program     static                          
               fsm_manual   0x000b12    program     extern C:\Users\MyLinh\Documents\GitHub\-n-TKLL\main.c
               fsm_tuning   0x000c06    program     extern C:\Users\MyLinh\Documents\GitHub\-n-TKLL\main.c
            get_adc_value   0x001f8e    program     extern C:\Users\MyLinh\Documents\GitHub\-n-TKLL\adc\adc.c
                 high_isr   0x001b04    program     extern C:\Users\MyLinh\Documents\GitHub\-n-TKLL\interrupt\interrupt.c
                  i2c_ack   0x00144e    program     extern C:\Users\MyLinh\Documents\GitHub\-n-TKLL\i2c\i2c.c
                  i2c_nak   0x00145a    program     extern C:\Users\MyLinh\Documents\GitHub\-n-TKLL\i2c\i2c.c
                 i2c_read   0x001442    program     extern C:\Users\MyLinh\Documents\GitHub\-n-TKLL\i2c\i2c.c
                i2c_start   0x001424    program     extern C:\Users\MyLinh\Documents\GitHub\-n-TKLL\i2c\i2c.c
                 i2c_stop   0x00142e    program     extern C:\Users\MyLinh\Documents\GitHub\-n-TKLL\i2c\i2c.c
                i2c_write   0x001438    program     extern C:\Users\MyLinh\Documents\GitHub\-n-TKLL\i2c\i2c.c
                 init_adc   0x001f7c    program     extern C:\Users\MyLinh\Documents\GitHub\-n-TKLL\adc\adc.c
            init_ext_int0   0x001a80    program     extern C:\Users\MyLinh\Documents\GitHub\-n-TKLL\interrupt\interrupt.c
                 init_i2c   0x0013f4    program     extern C:\Users\MyLinh\Documents\GitHub\-n-TKLL\i2c\i2c.c
           init_interrupt   0x001a78    program     extern C:\Users\MyLinh\Documents\GitHub\-n-TKLL\interrupt\interrupt.c
          init_key_matrix   0x000d82    program     extern C:\Users\MyLinh\Documents\GitHub\-n-TKLL\button_matrix\button.c
init_key_matrix_new_board   0x000ff2    program     extern C:\Users\MyLinh\Documents\GitHub\-n-TKLL\button_matrix\button.c
init_key_matrix_with_uart   0x000d8a    program     extern C:\Users\MyLinh\Documents\GitHub\-n-TKLL\button_matrix\button.c
              init_output   0x0009c4    program     extern C:\Users\MyLinh\Documents\GitHub\-n-TKLL\main.c
                 init_pwm   0x0020fe    program     extern C:\Users\MyLinh\Documents\GitHub\-n-TKLL\pwm\pwm.c
              init_system   0x0009ce    program     extern C:\Users\MyLinh\Documents\GitHub\-n-TKLL\main.c
              init_timer0   0x00111a    program     extern C:\Users\MyLinh\Documents\GitHub\-n-TKLL\timer\timer.c
              init_timer1   0x001146    program     extern C:\Users\MyLinh\Documents\GitHub\-n-TKLL\timer\timer.c
              init_timer2   0x001178    program     extern C:\Users\MyLinh\Documents\GitHub\-n-TKLL\timer\timer.c
              init_timer3   0x0011a4    program     extern C:\Users\MyLinh\Documents\GitHub\-n-TKLL\timer\timer.c
                init_uart   0x001bf4    program     extern C:\Users\MyLinh\Documents\GitHub\-n-TKLL\uart\uart.c
            isButtonEnter   0x000e82    program     extern C:\Users\MyLinh\Documents\GitHub\-n-TKLL\button_matrix\button.c
                lcd_clear   0x000238    program     extern C:\Users\MyLinh\Documents\GitHub\-n-TKLL\lcd\lcd.c
                lcd_delay   0x00008c    program     extern C:\Users\MyLinh\Documents\GitHub\-n-TKLL\lcd\lcd.c
                 lcd_init   0x00012a    program     extern C:\Users\MyLinh\Documents\GitHub\-n-TKLL\lcd\lcd.c
             lcd_power_of   0x000248    program     extern C:\Users\MyLinh\Documents\GitHub\-n-TKLL\lcd\lcd.c
           lcd_print_char   0x0001da    program     extern C:\Users\MyLinh\Documents\GitHub\-n-TKLL\lcd\lcd.c
          lcd_print_charS   0x0003d4    program     extern C:\Users\MyLinh\Documents\GitHub\-n-TKLL\lcd\lcd.c
            lcd_print_num   0x0002f2    program     extern C:\Users\MyLinh\Documents\GitHub\-n-TKLL\lcd\lcd.c
            lcd_print_str   0x0001dc    program     extern C:\Users\MyLinh\Documents\GitHub\-n-TKLL\lcd\lcd.c
              lcd_putchar   0x0001d8    program     extern C:\Users\MyLinh\Documents\GitHub\-n-TKLL\lcd\lcd.c
          lcd_read_status   0x000162    program     extern C:\Users\MyLinh\Documents\GitHub\-n-TKLL\lcd\lcd.c
          lcd_sendCommand   0x000118    program     extern C:\Users\MyLinh\Documents\GitHub\-n-TKLL\lcd\lcd.c
           lcd_set_cursor   0x00020c    program     extern C:\Users\MyLinh\Documents\GitHub\-n-TKLL\lcd\lcd.c
            lcd_wait_busy   0x00019a    program     extern C:\Users\MyLinh\Documents\GitHub\-n-TKLL\lcd\lcd.c
          lcd_write_4bits   0x0001ac    program     extern C:\Users\MyLinh\Documents\GitHub\-n-TKLL\lcd\lcd.c
            lcd_write_cmd   0x0001be    program     extern C:\Users\MyLinh\Documents\GitHub\-n-TKLL\lcd\lcd.c
           lcd_write_data   0x0001ca    program     extern C:\Users\MyLinh\Documents\GitHub\-n-TKLL\lcd\lcd.c
                     loop   0x002192    program     static                          
                     loop   0x00208a    program     static                          
                     loop   0x0020d0    program     static                          
                     loop   0x002140    program     static                          
                     loop   0x0021a6    program     static                          
                   loop_h   0x002170    program     static E:\3.46\pic18-lt\cxx-framework\src\traditional\proc\p18f4620.asm
                   loop_l   0x00217a    program     static E:\3.46\pic18-lt\cxx-framework\src\traditional\proc\p18f4620.asm
                  low_isr   0x001a88    program     extern C:\Users\MyLinh\Documents\GitHub\-n-TKLL\interrupt\interrupt.c
                     main   0x000908    program     extern C:\Users\MyLinh\Documents\GitHub\-n-TKLL\main.c
               offAllLeds   0x001888    program     extern C:\Users\MyLinh\Documents\GitHub\-n-TKLL\traffic_led\traffic_led.c
              read_ds1307   0x001502    program     extern C:\Users\MyLinh\Documents\GitHub\-n-TKLL\i2c\i2c.c
              read_eeprom   0x00155c    program     extern C:\Users\MyLinh\Documents\GitHub\-n-TKLL\i2c\i2c.c
          scan_key_matrix   0x000d94    program     extern C:\Users\MyLinh\Documents\GitHub\-n-TKLL\button_matrix\button.c
   scan_key_matrix_1_line   0x000e16    program     extern C:\Users\MyLinh\Documents\GitHub\-n-TKLL\button_matrix\button.c
     scan_key_matrix_demo   0x000f04    program     extern C:\Users\MyLinh\Documents\GitHub\-n-TKLL\button_matrix\button.c
scan_key_matrix_new_board   0x000f5a    program     extern C:\Users\MyLinh\Documents\GitHub\-n-TKLL\button_matrix\button.c
scan_key_matrix_with_uart   0x000dd4    program     extern C:\Users\MyLinh\Documents\GitHub\-n-TKLL\button_matrix\button.c
scan_key_matrix_with_uart_i2c   0x000e4a    program     extern C:\Users\MyLinh\Documents\GitHub\-n-TKLL\button_matrix\button.c
               setAllLeds   0x001884    program     extern C:\Users\MyLinh\Documents\GitHub\-n-TKLL\traffic_led\traffic_led.c
                setGreen1   0x0018c0    program     extern C:\Users\MyLinh\Documents\GitHub\-n-TKLL\traffic_led\traffic_led.c
                setGreen2   0x0018e4    program     extern C:\Users\MyLinh\Documents\GitHub\-n-TKLL\traffic_led\traffic_led.c
                  setRed1   0x0018a8    program     extern C:\Users\MyLinh\Documents\GitHub\-n-TKLL\traffic_led\traffic_led.c
                  setRed2   0x0018cc    program     extern C:\Users\MyLinh\Documents\GitHub\-n-TKLL\traffic_led\traffic_led.c
               setYellow1   0x0018b4    program     extern C:\Users\MyLinh\Documents\GitHub\-n-TKLL\traffic_led\traffic_led.c
               setYellow2   0x0018d8    program     extern C:\Users\MyLinh\Documents\GitHub\-n-TKLL\traffic_led\traffic_led.c
             set_DC_speed   0x002120    program     extern C:\Users\MyLinh\Documents\GitHub\-n-TKLL\pwm\pwm.c
             start_timer0   0x001140    program     extern C:\Users\MyLinh\Documents\GitHub\-n-TKLL\timer\timer.c
             start_timer1   0x00116e    program     extern C:\Users\MyLinh\Documents\GitHub\-n-TKLL\timer\timer.c
             start_timer2   0x001198    program     extern C:\Users\MyLinh\Documents\GitHub\-n-TKLL\timer\timer.c
             start_timer3   0x0011d2    program     extern C:\Users\MyLinh\Documents\GitHub\-n-TKLL\timer\timer.c
              stop_timer0   0x00113c    program     extern C:\Users\MyLinh\Documents\GitHub\-n-TKLL\timer\timer.c
              stop_timer1   0x001174    program     extern C:\Users\MyLinh\Documents\GitHub\-n-TKLL\timer\timer.c
              stop_timer2   0x0011a0    program     extern C:\Users\MyLinh\Documents\GitHub\-n-TKLL\timer\timer.c
              stop_timer3   0x0011e2    program     extern C:\Users\MyLinh\Documents\GitHub\-n-TKLL\timer\timer.c
                     test   0x001ef8    program     static                          
               timer0_isr   0x0011e6    program     extern C:\Users\MyLinh\Documents\GitHub\-n-TKLL\timer\timer.c
               timer1_isr   0x001202    program     extern C:\Users\MyLinh\Documents\GitHub\-n-TKLL\timer\timer.c
               timer2_isr   0x00121e    program     extern C:\Users\MyLinh\Documents\GitHub\-n-TKLL\timer\timer.c
               timer3_isr   0x00123a    program     extern C:\Users\MyLinh\Documents\GitHub\-n-TKLL\timer\timer.c
            uart_delay_ms   0x001c12    program     extern C:\Users\MyLinh\Documents\GitHub\-n-TKLL\uart\uart.c
                 uart_isr   0x001cde    program     extern C:\Users\MyLinh\Documents\GitHub\-n-TKLL\uart\uart.c
uart_isr_simulate_machine   0x001d16    program     extern C:\Users\MyLinh\Documents\GitHub\-n-TKLL\simulate_machine\simulate_machine.c
             uart_putchar   0x001c8e    program     extern C:\Users\MyLinh\Documents\GitHub\-n-TKLL\uart\uart.c
            uart_send_str   0x001c9e    program     extern C:\Users\MyLinh\Documents\GitHub\-n-TKLL\uart\uart.c
                 v_timer0   0x0000d2    program     extern C:\Users\MyLinh\Documents\GitHub\-n-TKLL\lcd\lcd.c
               write_8bit   0x00163c    program     extern C:\Users\MyLinh\Documents\GitHub\-n-TKLL\led7seg\led7seg.c
       write_8bit_traffic   0x0018f0    program     extern C:\Users\MyLinh\Documents\GitHub\-n-TKLL\traffic_led\traffic_led.c
             write_ds1307   0x001466    program     extern C:\Users\MyLinh\Documents\GitHub\-n-TKLL\i2c\i2c.c
             write_eeprom   0x0014b0    program     extern C:\Users\MyLinh\Documents\GitHub\-n-TKLL\i2c\i2c.c
               zero_block   0x002170    program     static E:\3.46\pic18-lt\cxx-framework\src\traditional\proc\p18f4620.asm
                   ADCON0   0x000fc2       data     extern E:\3.46\pic18-lt\cxx-framework\src\traditional\proc\p18f4620.asm
               ADCON0bits   0x000fc2       data     extern E:\3.46\pic18-lt\cxx-framework\src\traditional\proc\p18f4620.asm
                   ADCON1   0x000fc1       data     extern E:\3.46\pic18-lt\cxx-framework\src\traditional\proc\p18f4620.asm
               ADCON1bits   0x000fc1       data     extern E:\3.46\pic18-lt\cxx-framework\src\traditional\proc\p18f4620.asm
                   ADCON2   0x000fc0       data     extern E:\3.46\pic18-lt\cxx-framework\src\traditional\proc\p18f4620.asm
               ADCON2bits   0x000fc0       data     extern E:\3.46\pic18-lt\cxx-framework\src\traditional\proc\p18f4620.asm
                    ADRES   0x000fc3       data     extern E:\3.46\pic18-lt\cxx-framework\src\traditional\proc\p18f4620.asm
                   ADRESH   0x000fc4       data     extern E:\3.46\pic18-lt\cxx-framework\src\traditional\proc\p18f4620.asm
                   ADRESL   0x000fc3       data     extern E:\3.46\pic18-lt\cxx-framework\src\traditional\proc\p18f4620.asm
                  BAUDCON   0x000fb8       data     extern E:\3.46\pic18-lt\cxx-framework\src\traditional\proc\p18f4620.asm
              BAUDCONbits   0x000fb8       data     extern E:\3.46\pic18-lt\cxx-framework\src\traditional\proc\p18f4620.asm
                  BAUDCTL   0x000fb8       data     extern E:\3.46\pic18-lt\cxx-framework\src\traditional\proc\p18f4620.asm
              BAUDCTLbits   0x000fb8       data     extern E:\3.46\pic18-lt\cxx-framework\src\traditional\proc\p18f4620.asm
                      BSR   0x000fe0       data     extern E:\3.46\pic18-lt\cxx-framework\src\traditional\proc\p18f4620.asm
                  CCP1CON   0x000fbd       data     extern E:\3.46\pic18-lt\cxx-framework\src\traditional\proc\p18f4620.asm
              CCP1CONbits   0x000fbd       data     extern E:\3.46\pic18-lt\cxx-framework\src\traditional\proc\p18f4620.asm
                  CCP2CON   0x000fba       data     extern E:\3.46\pic18-lt\cxx-framework\src\traditional\proc\p18f4620.asm
              CCP2CONbits   0x000fba       data     extern E:\3.46\pic18-lt\cxx-framework\src\traditional\proc\p18f4620.asm
                    CCPR1   0x000fbe       data     extern E:\3.46\pic18-lt\cxx-framework\src\traditional\proc\p18f4620.asm
                   CCPR1H   0x000fbf       data     extern E:\3.46\pic18-lt\cxx-framework\src\traditional\proc\p18f4620.asm
                   CCPR1L   0x000fbe       data     extern E:\3.46\pic18-lt\cxx-framework\src\traditional\proc\p18f4620.asm
                    CCPR2   0x000fbb       data     extern E:\3.46\pic18-lt\cxx-framework\src\traditional\proc\p18f4620.asm
                   CCPR2H   0x000fbc       data     extern E:\3.46\pic18-lt\cxx-framework\src\traditional\proc\p18f4620.asm
                   CCPR2L   0x000fbb       data     extern E:\3.46\pic18-lt\cxx-framework\src\traditional\proc\p18f4620.asm
                    CMCON   0x000fb4       data     extern E:\3.46\pic18-lt\cxx-framework\src\traditional\proc\p18f4620.asm
                CMCONbits   0x000fb4       data     extern E:\3.46\pic18-lt\cxx-framework\src\traditional\proc\p18f4620.asm
                COD_value   0x000176       data     extern C:\Users\MyLinh\Documents\GitHub\-n-TKLL\simulate_machine\simulate_machine.c
                   CVRCON   0x000fb5       data     extern E:\3.46\pic18-lt\cxx-framework\src\traditional\proc\p18f4620.asm
               CVRCONbits   0x000fb5       data     extern E:\3.46\pic18-lt\cxx-framework\src\traditional\proc\p18f4620.asm
                     DDRA   0x000f92       data     extern E:\3.46\pic18-lt\cxx-framework\src\traditional\proc\p18f4620.asm
                 DDRAbits   0x000f92       data     extern E:\3.46\pic18-lt\cxx-framework\src\traditional\proc\p18f4620.asm
                     DDRB   0x000f93       data     extern E:\3.46\pic18-lt\cxx-framework\src\traditional\proc\p18f4620.asm
                 DDRBbits   0x000f93       data     extern E:\3.46\pic18-lt\cxx-framework\src\traditional\proc\p18f4620.asm
                     DDRC   0x000f94       data     extern E:\3.46\pic18-lt\cxx-framework\src\traditional\proc\p18f4620.asm
                 DDRCbits   0x000f94       data     extern E:\3.46\pic18-lt\cxx-framework\src\traditional\proc\p18f4620.asm
                     DDRD   0x000f95       data     extern E:\3.46\pic18-lt\cxx-framework\src\traditional\proc\p18f4620.asm
                 DDRDbits   0x000f95       data     extern E:\3.46\pic18-lt\cxx-framework\src\traditional\proc\p18f4620.asm
                     DDRE   0x000f96       data     extern E:\3.46\pic18-lt\cxx-framework\src\traditional\proc\p18f4620.asm
                 DDREbits   0x000f96       data     extern E:\3.46\pic18-lt\cxx-framework\src\traditional\proc\p18f4620.asm
                  ECCP1AS   0x000fb6       data     extern E:\3.46\pic18-lt\cxx-framework\src\traditional\proc\p18f4620.asm
              ECCP1ASbits   0x000fb6       data     extern E:\3.46\pic18-lt\cxx-framework\src\traditional\proc\p18f4620.asm
                    EEADR   0x000fa9       data     extern E:\3.46\pic18-lt\cxx-framework\src\traditional\proc\p18f4620.asm
                   EEADRH   0x000faa       data     extern E:\3.46\pic18-lt\cxx-framework\src\traditional\proc\p18f4620.asm
                   EECON1   0x000fa6       data     extern E:\3.46\pic18-lt\cxx-framework\src\traditional\proc\p18f4620.asm
               EECON1bits   0x000fa6       data     extern E:\3.46\pic18-lt\cxx-framework\src\traditional\proc\p18f4620.asm
                   EECON2   0x000fa7       data     extern E:\3.46\pic18-lt\cxx-framework\src\traditional\proc\p18f4620.asm
                   EEDATA   0x000fa8       data     extern E:\3.46\pic18-lt\cxx-framework\src\traditional\proc\p18f4620.asm
               FLOW_value   0x000175       data     extern C:\Users\MyLinh\Documents\GitHub\-n-TKLL\simulate_machine\simulate_machine.c
                     FSR0   0x000fe9       data     extern E:\3.46\pic18-lt\cxx-framework\src\traditional\proc\p18f4620.asm
                    FSR0H   0x000fea       data     extern E:\3.46\pic18-lt\cxx-framework\src\traditional\proc\p18f4620.asm
                    FSR0L   0x000fe9       data     extern E:\3.46\pic18-lt\cxx-framework\src\traditional\proc\p18f4620.asm
                     FSR1   0x000fe1       data     extern E:\3.46\pic18-lt\cxx-framework\src\traditional\proc\p18f4620.asm
                    FSR1H   0x000fe2       data     extern E:\3.46\pic18-lt\cxx-framework\src\traditional\proc\p18f4620.asm
                    FSR1L   0x000fe1       data     extern E:\3.46\pic18-lt\cxx-framework\src\traditional\proc\p18f4620.asm
                     FSR2   0x000fd9       data     extern E:\3.46\pic18-lt\cxx-framework\src\traditional\proc\p18f4620.asm
                    FSR2H   0x000fda       data     extern E:\3.46\pic18-lt\cxx-framework\src\traditional\proc\p18f4620.asm
                    FSR2L   0x000fd9       data     extern E:\3.46\pic18-lt\cxx-framework\src\traditional\proc\p18f4620.asm
                  HLVDCON   0x000fd2       data     extern E:\3.46\pic18-lt\cxx-framework\src\traditional\proc\p18f4620.asm
              HLVDCONbits   0x000fd2       data     extern E:\3.46\pic18-lt\cxx-framework\src\traditional\proc\p18f4620.asm
                    INDF0   0x000fef       data     extern E:\3.46\pic18-lt\cxx-framework\src\traditional\proc\p18f4620.asm
                    INDF1   0x000fe7       data     extern E:\3.46\pic18-lt\cxx-framework\src\traditional\proc\p18f4620.asm
                    INDF2   0x000fdf       data     extern E:\3.46\pic18-lt\cxx-framework\src\traditional\proc\p18f4620.asm
                   INTCON   0x000ff2       data     extern E:\3.46\pic18-lt\cxx-framework\src\traditional\proc\p18f4620.asm
                  INTCON2   0x000ff1       data     extern E:\3.46\pic18-lt\cxx-framework\src\traditional\proc\p18f4620.asm
              INTCON2bits   0x000ff1       data     extern E:\3.46\pic18-lt\cxx-framework\src\traditional\proc\p18f4620.asm
                  INTCON3   0x000ff0       data     extern E:\3.46\pic18-lt\cxx-framework\src\traditional\proc\p18f4620.asm
              INTCON3bits   0x000ff0       data     extern E:\3.46\pic18-lt\cxx-framework\src\traditional\proc\p18f4620.asm
               INTCONbits   0x000ff2       data     extern E:\3.46\pic18-lt\cxx-framework\src\traditional\proc\p18f4620.asm
                     IPR1   0x000f9f       data     extern E:\3.46\pic18-lt\cxx-framework\src\traditional\proc\p18f4620.asm
                 IPR1bits   0x000f9f       data     extern E:\3.46\pic18-lt\cxx-framework\src\traditional\proc\p18f4620.asm
                     IPR2   0x000fa2       data     extern E:\3.46\pic18-lt\cxx-framework\src\traditional\proc\p18f4620.asm
                 IPR2bits   0x000fa2       data     extern E:\3.46\pic18-lt\cxx-framework\src\traditional\proc\p18f4620.asm
                     LATA   0x000f89       data     extern E:\3.46\pic18-lt\cxx-framework\src\traditional\proc\p18f4620.asm
                 LATAbits   0x000f89       data     extern E:\3.46\pic18-lt\cxx-framework\src\traditional\proc\p18f4620.asm
                     LATB   0x000f8a       data     extern E:\3.46\pic18-lt\cxx-framework\src\traditional\proc\p18f4620.asm
                 LATBbits   0x000f8a       data     extern E:\3.46\pic18-lt\cxx-framework\src\traditional\proc\p18f4620.asm
                     LATC   0x000f8b       data     extern E:\3.46\pic18-lt\cxx-framework\src\traditional\proc\p18f4620.asm
                 LATCbits   0x000f8b       data     extern E:\3.46\pic18-lt\cxx-framework\src\traditional\proc\p18f4620.asm
                     LATD   0x000f8c       data     extern E:\3.46\pic18-lt\cxx-framework\src\traditional\proc\p18f4620.asm
                 LATDbits   0x000f8c       data     extern E:\3.46\pic18-lt\cxx-framework\src\traditional\proc\p18f4620.asm
                     LATE   0x000f8d       data     extern E:\3.46\pic18-lt\cxx-framework\src\traditional\proc\p18f4620.asm
                 LATEbits   0x000f8d       data     extern E:\3.46\pic18-lt\cxx-framework\src\traditional\proc\p18f4620.asm
                LED7_mask   0x000128       data     extern C:\Users\MyLinh\Documents\GitHub\-n-TKLL\main.c
                   LVDCON   0x000fd2       data     extern E:\3.46\pic18-lt\cxx-framework\src\traditional\proc\p18f4620.asm
               LVDCONbits   0x000fd2       data     extern E:\3.46\pic18-lt\cxx-framework\src\traditional\proc\p18f4620.asm
                LcdScreen   0x000f41       data     extern C:\Users\MyLinh\Documents\GitHub\-n-TKLL\lcd\lcd.c
                NH4_value   0x000179       data     extern C:\Users\MyLinh\Documents\GitHub\-n-TKLL\simulate_machine\simulate_machine.c
                NO3_value   0x000178       data     extern C:\Users\MyLinh\Documents\GitHub\-n-TKLL\simulate_machine\simulate_machine.c
                   OSCCON   0x000fd3       data     extern E:\3.46\pic18-lt\cxx-framework\src\traditional\proc\p18f4620.asm
               OSCCONbits   0x000fd3       data     extern E:\3.46\pic18-lt\cxx-framework\src\traditional\proc\p18f4620.asm
                  OSCTUNE   0x000f9b       data     extern E:\3.46\pic18-lt\cxx-framework\src\traditional\proc\p18f4620.asm
              OSCTUNEbits   0x000f9b       data     extern E:\3.46\pic18-lt\cxx-framework\src\traditional\proc\p18f4620.asm
                       PC   0x000ff9       data     extern E:\3.46\pic18-lt\cxx-framework\src\traditional\proc\p18f4620.asm
                      PCL   0x000ff9       data     extern E:\3.46\pic18-lt\cxx-framework\src\traditional\proc\p18f4620.asm
                   PCLATH   0x000ffa       data     extern E:\3.46\pic18-lt\cxx-framework\src\traditional\proc\p18f4620.asm
                   PCLATU   0x000ffb       data     extern E:\3.46\pic18-lt\cxx-framework\src\traditional\proc\p18f4620.asm
                     PIE1   0x000f9d       data     extern E:\3.46\pic18-lt\cxx-framework\src\traditional\proc\p18f4620.asm
                 PIE1bits   0x000f9d       data     extern E:\3.46\pic18-lt\cxx-framework\src\traditional\proc\p18f4620.asm
                     PIE2   0x000fa0       data     extern E:\3.46\pic18-lt\cxx-framework\src\traditional\proc\p18f4620.asm
                 PIE2bits   0x000fa0       data     extern E:\3.46\pic18-lt\cxx-framework\src\traditional\proc\p18f4620.asm
                     PIR1   0x000f9e       data     extern E:\3.46\pic18-lt\cxx-framework\src\traditional\proc\p18f4620.asm
                 PIR1bits   0x000f9e       data     extern E:\3.46\pic18-lt\cxx-framework\src\traditional\proc\p18f4620.asm
                     PIR2   0x000fa1       data     extern E:\3.46\pic18-lt\cxx-framework\src\traditional\proc\p18f4620.asm
                 PIR2bits   0x000fa1       data     extern E:\3.46\pic18-lt\cxx-framework\src\traditional\proc\p18f4620.asm
                   PLUSW0   0x000feb       data     extern E:\3.46\pic18-lt\cxx-framework\src\traditional\proc\p18f4620.asm
                   PLUSW1   0x000fe3       data     extern E:\3.46\pic18-lt\cxx-framework\src\traditional\proc\p18f4620.asm
                   PLUSW2   0x000fdb       data     extern E:\3.46\pic18-lt\cxx-framework\src\traditional\proc\p18f4620.asm
                    PORTA   0x000f80       data     extern E:\3.46\pic18-lt\cxx-framework\src\traditional\proc\p18f4620.asm
                PORTAbits   0x000f80       data     extern E:\3.46\pic18-lt\cxx-framework\src\traditional\proc\p18f4620.asm
                    PORTB   0x000f81       data     extern E:\3.46\pic18-lt\cxx-framework\src\traditional\proc\p18f4620.asm
                PORTBbits   0x000f81       data     extern E:\3.46\pic18-lt\cxx-framework\src\traditional\proc\p18f4620.asm
                    PORTC   0x000f82       data     extern E:\3.46\pic18-lt\cxx-framework\src\traditional\proc\p18f4620.asm
                PORTCbits   0x000f82       data     extern E:\3.46\pic18-lt\cxx-framework\src\traditional\proc\p18f4620.asm
                    PORTD   0x000f83       data     extern E:\3.46\pic18-lt\cxx-framework\src\traditional\proc\p18f4620.asm
                PORTDbits   0x000f83       data     extern E:\3.46\pic18-lt\cxx-framework\src\traditional\proc\p18f4620.asm
                    PORTE   0x000f84       data     extern E:\3.46\pic18-lt\cxx-framework\src\traditional\proc\p18f4620.asm
                PORTEbits   0x000f84       data     extern E:\3.46\pic18-lt\cxx-framework\src\traditional\proc\p18f4620.asm
                 POSTDEC0   0x000fed       data     extern E:\3.46\pic18-lt\cxx-framework\src\traditional\proc\p18f4620.asm
                 POSTDEC1   0x000fe5       data     extern E:\3.46\pic18-lt\cxx-framework\src\traditional\proc\p18f4620.asm
                 POSTDEC2   0x000fdd       data     extern E:\3.46\pic18-lt\cxx-framework\src\traditional\proc\p18f4620.asm
                 POSTINC0   0x000fee       data     extern E:\3.46\pic18-lt\cxx-framework\src\traditional\proc\p18f4620.asm
                 POSTINC1   0x000fe6       data     extern E:\3.46\pic18-lt\cxx-framework\src\traditional\proc\p18f4620.asm
                 POSTINC2   0x000fde       data     extern E:\3.46\pic18-lt\cxx-framework\src\traditional\proc\p18f4620.asm
                      PR2   0x000fcb       data     extern E:\3.46\pic18-lt\cxx-framework\src\traditional\proc\p18f4620.asm
                  PREINC0   0x000fec       data     extern E:\3.46\pic18-lt\cxx-framework\src\traditional\proc\p18f4620.asm
                  PREINC1   0x000fe4       data     extern E:\3.46\pic18-lt\cxx-framework\src\traditional\proc\p18f4620.asm
                  PREINC2   0x000fdc       data     extern E:\3.46\pic18-lt\cxx-framework\src\traditional\proc\p18f4620.asm
                     PROD   0x000ff3       data     extern E:\3.46\pic18-lt\cxx-framework\src\traditional\proc\p18f4620.asm
                    PRODH   0x000ff4       data     extern E:\3.46\pic18-lt\cxx-framework\src\traditional\proc\p18f4620.asm
                    PRODL   0x000ff3       data     extern E:\3.46\pic18-lt\cxx-framework\src\traditional\proc\p18f4620.asm
                  PWM1CON   0x000fb7       data     extern E:\3.46\pic18-lt\cxx-framework\src\traditional\proc\p18f4620.asm
              PWM1CONbits   0x000fb7       data     extern E:\3.46\pic18-lt\cxx-framework\src\traditional\proc\p18f4620.asm
                     RCON   0x000fd0       data     extern E:\3.46\pic18-lt\cxx-framework\src\traditional\proc\p18f4620.asm
                 RCONbits   0x000fd0       data     extern E:\3.46\pic18-lt\cxx-framework\src\traditional\proc\p18f4620.asm
                    RCREG   0x000fae       data     extern E:\3.46\pic18-lt\cxx-framework\src\traditional\proc\p18f4620.asm
                    RCSTA   0x000fab       data     extern E:\3.46\pic18-lt\cxx-framework\src\traditional\proc\p18f4620.asm
                RCSTAbits   0x000fab       data     extern E:\3.46\pic18-lt\cxx-framework\src\traditional\proc\p18f4620.asm
                     SIGN   0x000000       data     extern E:\3.46\pic18-lt\cxx-framework\src\traditional\math\cmath18.asm
                    SPBRG   0x000faf       data     extern E:\3.46\pic18-lt\cxx-framework\src\traditional\proc\p18f4620.asm
                   SPBRGH   0x000fb0       data     extern E:\3.46\pic18-lt\cxx-framework\src\traditional\proc\p18f4620.asm
                   SSPADD   0x000fc8       data     extern E:\3.46\pic18-lt\cxx-framework\src\traditional\proc\p18f4620.asm
                   SSPBUF   0x000fc9       data     extern E:\3.46\pic18-lt\cxx-framework\src\traditional\proc\p18f4620.asm
                  SSPCON1   0x000fc6       data     extern E:\3.46\pic18-lt\cxx-framework\src\traditional\proc\p18f4620.asm
              SSPCON1bits   0x000fc6       data     extern E:\3.46\pic18-lt\cxx-framework\src\traditional\proc\p18f4620.asm
                  SSPCON2   0x000fc5       data     extern E:\3.46\pic18-lt\cxx-framework\src\traditional\proc\p18f4620.asm
              SSPCON2bits   0x000fc5       data     extern E:\3.46\pic18-lt\cxx-framework\src\traditional\proc\p18f4620.asm
                  SSPSTAT   0x000fc7       data     extern E:\3.46\pic18-lt\cxx-framework\src\traditional\proc\p18f4620.asm
              SSPSTATbits   0x000fc7       data     extern E:\3.46\pic18-lt\cxx-framework\src\traditional\proc\p18f4620.asm
                   STATUS   0x000fd8       data     extern E:\3.46\pic18-lt\cxx-framework\src\traditional\proc\p18f4620.asm
               STATUSbits   0x000fd8       data     extern E:\3.46\pic18-lt\cxx-framework\src\traditional\proc\p18f4620.asm
                   STKPTR   0x000ffc       data     extern E:\3.46\pic18-lt\cxx-framework\src\traditional\proc\p18f4620.asm
               STKPTRbits   0x000ffc       data     extern E:\3.46\pic18-lt\cxx-framework\src\traditional\proc\p18f4620.asm
                    T0CON   0x000fd5       data     extern E:\3.46\pic18-lt\cxx-framework\src\traditional\proc\p18f4620.asm
                T0CONbits   0x000fd5       data     extern E:\3.46\pic18-lt\cxx-framework\src\traditional\proc\p18f4620.asm
                    T1CON   0x000fcd       data     extern E:\3.46\pic18-lt\cxx-framework\src\traditional\proc\p18f4620.asm
                T1CONbits   0x000fcd       data     extern E:\3.46\pic18-lt\cxx-framework\src\traditional\proc\p18f4620.asm
                    T2CON   0x000fca       data     extern E:\3.46\pic18-lt\cxx-framework\src\traditional\proc\p18f4620.asm
                T2CONbits   0x000fca       data     extern E:\3.46\pic18-lt\cxx-framework\src\traditional\proc\p18f4620.asm
                    T3CON   0x000fb1       data     extern E:\3.46\pic18-lt\cxx-framework\src\traditional\proc\p18f4620.asm
                T3CONbits   0x000fb1       data     extern E:\3.46\pic18-lt\cxx-framework\src\traditional\proc\p18f4620.asm
                   TABLAT   0x000ff5       data     extern E:\3.46\pic18-lt\cxx-framework\src\traditional\proc\p18f4620.asm
                   TBLPTR   0x000ff6       data     extern E:\3.46\pic18-lt\cxx-framework\src\traditional\proc\p18f4620.asm
                  TBLPTRH   0x000ff7       data     extern E:\3.46\pic18-lt\cxx-framework\src\traditional\proc\p18f4620.asm
                  TBLPTRL   0x000ff6       data     extern E:\3.46\pic18-lt\cxx-framework\src\traditional\proc\p18f4620.asm
                  TBLPTRU   0x000ff8       data     extern E:\3.46\pic18-lt\cxx-framework\src\traditional\proc\p18f4620.asm
               TEMP_value   0x000173       data     extern C:\Users\MyLinh\Documents\GitHub\-n-TKLL\simulate_machine\simulate_machine.c
                    TMR0H   0x000fd7       data     extern E:\3.46\pic18-lt\cxx-framework\src\traditional\proc\p18f4620.asm
                    TMR0L   0x000fd6       data     extern E:\3.46\pic18-lt\cxx-framework\src\traditional\proc\p18f4620.asm
                    TMR1H   0x000fcf       data     extern E:\3.46\pic18-lt\cxx-framework\src\traditional\proc\p18f4620.asm
                    TMR1L   0x000fce       data     extern E:\3.46\pic18-lt\cxx-framework\src\traditional\proc\p18f4620.asm
                     TMR2   0x000fcc       data     extern E:\3.46\pic18-lt\cxx-framework\src\traditional\proc\p18f4620.asm
                    TMR3H   0x000fb3       data     extern E:\3.46\pic18-lt\cxx-framework\src\traditional\proc\p18f4620.asm
                    TMR3L   0x000fb2       data     extern E:\3.46\pic18-lt\cxx-framework\src\traditional\proc\p18f4620.asm
                      TOS   0x000ffd       data     extern E:\3.46\pic18-lt\cxx-framework\src\traditional\proc\p18f4620.asm
                     TOSH   0x000ffe       data     extern E:\3.46\pic18-lt\cxx-framework\src\traditional\proc\p18f4620.asm
                     TOSL   0x000ffd       data     extern E:\3.46\pic18-lt\cxx-framework\src\traditional\proc\p18f4620.asm
                     TOSU   0x000fff       data     extern E:\3.46\pic18-lt\cxx-framework\src\traditional\proc\p18f4620.asm
                    TRISA   0x000f92       data     extern E:\3.46\pic18-lt\cxx-framework\src\traditional\proc\p18f4620.asm
                TRISAbits   0x000f92       data     extern E:\3.46\pic18-lt\cxx-framework\src\traditional\proc\p18f4620.asm
                    TRISB   0x000f93       data     extern E:\3.46\pic18-lt\cxx-framework\src\traditional\proc\p18f4620.asm
                TRISBbits   0x000f93       data     extern E:\3.46\pic18-lt\cxx-framework\src\traditional\proc\p18f4620.asm
                    TRISC   0x000f94       data     extern E:\3.46\pic18-lt\cxx-framework\src\traditional\proc\p18f4620.asm
                TRISCbits   0x000f94       data     extern E:\3.46\pic18-lt\cxx-framework\src\traditional\proc\p18f4620.asm
                    TRISD   0x000f95       data     extern E:\3.46\pic18-lt\cxx-framework\src\traditional\proc\p18f4620.asm
                TRISDbits   0x000f95       data     extern E:\3.46\pic18-lt\cxx-framework\src\traditional\proc\p18f4620.asm
                    TRISE   0x000f96       data     extern E:\3.46\pic18-lt\cxx-framework\src\traditional\proc\p18f4620.asm
                TRISEbits   0x000f96       data     extern E:\3.46\pic18-lt\cxx-framework\src\traditional\proc\p18f4620.asm
                TSS_value   0x000177       data     extern C:\Users\MyLinh\Documents\GitHub\-n-TKLL\simulate_machine\simulate_machine.c
                    TXREG   0x000fad       data     extern E:\3.46\pic18-lt\cxx-framework\src\traditional\proc\p18f4620.asm
                    TXSTA   0x000fac       data     extern E:\3.46\pic18-lt\cxx-framework\src\traditional\proc\p18f4620.asm
                TXSTAbits   0x000fac       data     extern E:\3.46\pic18-lt\cxx-framework\src\traditional\proc\p18f4620.asm
                 UserFont   0x000f00       data     extern C:\Users\MyLinh\Documents\GitHub\-n-TKLL\lcd\lcd.c
                        W   0x000fe8       data     extern E:\3.46\pic18-lt\cxx-framework\src\traditional\proc\p18f4620.asm
                   WDTCON   0x000fd1       data     extern E:\3.46\pic18-lt\cxx-framework\src\traditional\proc\p18f4620.asm
               WDTCONbits   0x000fd1       data     extern E:\3.46\pic18-lt\cxx-framework\src\traditional\proc\p18f4620.asm
                     WREG   0x000fe8       data     extern E:\3.46\pic18-lt\cxx-framework\src\traditional\proc\p18f4620.asm
             WaitResponse   0x00016a       data     extern C:\Users\MyLinh\Documents\GitHub\-n-TKLL\simulate_machine\simulate_machine.c
                 __AARGB0   0x000009       data     extern E:\3.46\pic18-lt\cxx-framework\src\traditional\math\aarg.asm
                 __AARGB1   0x000008       data     extern E:\3.46\pic18-lt\cxx-framework\src\traditional\math\aarg.asm
                 __AARGB2   0x000007       data     extern E:\3.46\pic18-lt\cxx-framework\src\traditional\math\aarg.asm
                 __AARGB3   0x000006       data     extern E:\3.46\pic18-lt\cxx-framework\src\traditional\math\aarg.asm
                 __AARGB4   0x000005       data     extern E:\3.46\pic18-lt\cxx-framework\src\traditional\math\aarg.asm
                 __AARGB5   0x000004       data     extern E:\3.46\pic18-lt\cxx-framework\src\traditional\math\aarg.asm
                 __AARGB6   0x000003       data     extern E:\3.46\pic18-lt\cxx-framework\src\traditional\math\aarg.asm
                 __AARGB7   0x000002       data     extern E:\3.46\pic18-lt\cxx-framework\src\traditional\math\aarg.asm
                   __AEXP   0x00000a       data     extern E:\3.46\pic18-lt\cxx-framework\src\traditional\math\aarg.asm
                 __BARGB0   0x00000e       data     extern E:\3.46\pic18-lt\cxx-framework\src\traditional\math\barg.asm
                 __BARGB1   0x00000d       data     extern E:\3.46\pic18-lt\cxx-framework\src\traditional\math\barg.asm
                 __BARGB2   0x00000c       data     extern E:\3.46\pic18-lt\cxx-framework\src\traditional\math\barg.asm
                 __BARGB3   0x00000b       data     extern E:\3.46\pic18-lt\cxx-framework\src\traditional\math\barg.asm
                   __BEXP   0x00000f       data     extern E:\3.46\pic18-lt\cxx-framework\src\traditional\math\barg.asm
                __FPFLAGS   0x000001       data     extern E:\3.46\pic18-lt\cxx-framework\src\traditional\math\cmath18.asm
            __FPFLAGSbits   0x000001       data     extern E:\3.46\pic18-lt\cxx-framework\src\traditional\math\cmath18.asm
                  __REMB0   0x000005       data     extern E:\3.46\pic18-lt\cxx-framework\src\traditional\math\aarg.asm
                  __REMB1   0x000004       data     extern E:\3.46\pic18-lt\cxx-framework\src\traditional\math\aarg.asm
                  __REMB2   0x000003       data     extern E:\3.46\pic18-lt\cxx-framework\src\traditional\math\aarg.asm
                  __REMB3   0x000002       data     extern E:\3.46\pic18-lt\cxx-framework\src\traditional\math\aarg.asm
                  __tmp_0   0x000010       data     static C:\Users\MyLinh\Documents\GitHub\-n-TKLL\uart\uart.c
                  __tmp_0   0x000010       data     static C:\Users\MyLinh\Documents\GitHub\-n-TKLL\adc\adc.c
                  __tmp_0   0x000010       data     static C:\Users\MyLinh\Documents\GitHub\-n-TKLL\i2c\i2c.c
                  __tmp_0   0x000010       data     static C:\Users\MyLinh\Documents\GitHub\-n-TKLL\lcd\lcd.c
                  __tmp_0   0x000010       data     static C:\Users\MyLinh\Documents\GitHub\-n-TKLL\timer\timer.c
                  __tmp_0   0x000010       data     static C:\Users\MyLinh\Documents\GitHub\-n-TKLL\main.c
                  __tmp_0   0x000010       data     static C:\Users\MyLinh\Documents\GitHub\-n-TKLL\simulate_machine\simulate_machine.c
                  __tmp_0   0x000010       data     static C:\Users\MyLinh\Documents\GitHub\-n-TKLL\led7seg\led7seg.c
                  __tmp_0   0x000010       data     static C:\Users\MyLinh\Documents\GitHub\-n-TKLL\button_matrix\button.c
                  __tmp_0   0x000010       data     static C:\Users\MyLinh\Documents\GitHub\-n-TKLL\traffic_led\traffic_led.c
                  ack_bit   0x00018a       data     extern C:\Users\MyLinh\Documents\GitHub\-n-TKLL\i2c\i2c.c
                 ack_flag   0x0000fd       data     extern C:\Users\MyLinh\Documents\GitHub\-n-TKLL\i2c\i2c.c
                adc_value   0x000f61       data     extern C:\Users\MyLinh\Documents\GitHub\-n-TKLL\adc\adc.c
      arrayMaskInputOfKey   0x000124       data     extern C:\Users\MyLinh\Documents\GitHub\-n-TKLL\button_matrix\button.c
     arrayMaskOutputOfKey   0x000120       data     extern C:\Users\MyLinh\Documents\GitHub\-n-TKLL\button_matrix\button.c
                 byte_num   0x0000e6       data     extern C:\Users\MyLinh\Documents\GitHub\-n-TKLL\i2c\i2c.c
                     cnt0   0x000186       data     extern C:\Users\MyLinh\Documents\GitHub\-n-TKLL\interrupt\interrupt.c
                     cnt1   0x000188       data     extern C:\Users\MyLinh\Documents\GitHub\-n-TKLL\interrupt\interrupt.c
               cur_status   0x00018b       data     extern C:\Users\MyLinh\Documents\GitHub\-n-TKLL\traffic_led\traffic_led.c
                curr_byte   0x00017f       data     static E:\3.46\pic18-lt\cxx-framework\src\traditional\startup\c018i.c
               curr_entry   0x000181       data     static E:\3.46\pic18-lt\cxx-framework\src\traditional\startup\c018i.c
              current_col   0x000f7d       data     extern C:\Users\MyLinh\Documents\GitHub\-n-TKLL\lcd\lcd.c
              current_row   0x000f7b       data     extern C:\Users\MyLinh\Documents\GitHub\-n-TKLL\lcd\lcd.c
              dataReceive   0x000081       data     extern C:\Users\MyLinh\Documents\GitHub\-n-TKLL\simulate_machine\simulate_machine.c
                 dataSend   0x0000b3       data     extern C:\Users\MyLinh\Documents\GitHub\-n-TKLL\simulate_machine\simulate_machine.c
                 data_ptr   0x000183       data     static E:\3.46\pic18-lt\cxx-framework\src\traditional\startup\c018i.c
               duty_cycle   0x00018c       data     extern C:\Users\MyLinh\Documents\GitHub\-n-TKLL\pwm\pwm.c
flagOfDataReceiveComplete   0x00016c       data     extern C:\Users\MyLinh\Documents\GitHub\-n-TKLL\simulate_machine\simulate_machine.c
                flag_read   0x0000e5       data     extern C:\Users\MyLinh\Documents\GitHub\-n-TKLL\i2c\i2c.c
              flag_timer0   0x000151       data     extern C:\Users\MyLinh\Documents\GitHub\-n-TKLL\timer\timer.c
              flag_timer1   0x000152       data     extern C:\Users\MyLinh\Documents\GitHub\-n-TKLL\timer\timer.c
              flag_timer2   0x000153       data     extern C:\Users\MyLinh\Documents\GitHub\-n-TKLL\timer\timer.c
              flag_timer3   0x000154       data     extern C:\Users\MyLinh\Documents\GitHub\-n-TKLL\timer\timer.c
                        i   0x000080       data     extern C:\Users\MyLinh\Documents\GitHub\-n-TKLL\simulate_machine\simulate_machine.c
                 i2c_data   0x0000ff       data     extern C:\Users\MyLinh\Documents\GitHub\-n-TKLL\i2c\i2c.c
       indexOfDataReceive   0x00016e       data     extern C:\Users\MyLinh\Documents\GitHub\-n-TKLL\simulate_machine\simulate_machine.c
           indexOfMachine   0x00016d       data     extern C:\Users\MyLinh\Documents\GitHub\-n-TKLL\simulate_machine\simulate_machine.c
          indexOfdataSend   0x00016f       data     extern C:\Users\MyLinh\Documents\GitHub\-n-TKLL\simulate_machine\simulate_machine.c
                index_add   0x0000e7       data     extern C:\Users\MyLinh\Documents\GitHub\-n-TKLL\i2c\i2c.c
                 key_code   0x000100       data     extern C:\Users\MyLinh\Documents\GitHub\-n-TKLL\button_matrix\button.c
      numberOfDataReceive   0x000170       data     extern C:\Users\MyLinh\Documents\GitHub\-n-TKLL\simulate_machine\simulate_machine.c
         numberOfDataSend   0x000171       data     extern C:\Users\MyLinh\Documents\GitHub\-n-TKLL\simulate_machine\simulate_machine.c
                 pH_value   0x000174       data     extern C:\Users\MyLinh\Documents\GitHub\-n-TKLL\simulate_machine\simulate_machine.c
                     prom   0x00017c       data     static E:\3.46\pic18-lt\cxx-framework\src\traditional\startup\c018i.c
                read_data   0x0000f3       data     extern C:\Users\MyLinh\Documents\GitHub\-n-TKLL\i2c\i2c.c
             receive_data   0x0000fe       data     extern C:\Users\MyLinh\Documents\GitHub\-n-TKLL\i2c\i2c.c
             receive_flag   0x0000fc       data     extern C:\Users\MyLinh\Documents\GitHub\-n-TKLL\i2c\i2c.c
               secCounter   0x000146       data     extern C:\Users\MyLinh\Documents\GitHub\-n-TKLL\main.c
                    speed   0x000f7f       data     extern C:\Users\MyLinh\Documents\GitHub\-n-TKLL\pwm\pwm.c
                statusLCD   0x000f40       data     extern C:\Users\MyLinh\Documents\GitHub\-n-TKLL\lcd\lcd.c
            statusOfLight   0x00013e       data     extern C:\Users\MyLinh\Documents\GitHub\-n-TKLL\main.c
            statusReceive   0x00016b       data     extern C:\Users\MyLinh\Documents\GitHub\-n-TKLL\simulate_machine\simulate_machine.c
             statusSim900   0x000169       data     extern C:\Users\MyLinh\Documents\GitHub\-n-TKLL\simulate_machine\simulate_machine.c
                tempCount   0x000172       data     extern C:\Users\MyLinh\Documents\GitHub\-n-TKLL\simulate_machine\simulate_machine.c
       tempTrafficCounter   0x000148       data     extern C:\Users\MyLinh\Documents\GitHub\-n-TKLL\main.c
                time0_MUL   0x000161       data     extern C:\Users\MyLinh\Documents\GitHub\-n-TKLL\timer\timer.c
                time1_MUL   0x000163       data     extern C:\Users\MyLinh\Documents\GitHub\-n-TKLL\timer\timer.c
                time2_MUL   0x000165       data     extern C:\Users\MyLinh\Documents\GitHub\-n-TKLL\timer\timer.c
                time3_MUL   0x000167       data     extern C:\Users\MyLinh\Documents\GitHub\-n-TKLL\timer\timer.c
       timeChangedataSend   0x00017a       data     extern C:\Users\MyLinh\Documents\GitHub\-n-TKLL\simulate_machine\simulate_machine.c
              timeCounter   0x000144       data     extern C:\Users\MyLinh\Documents\GitHub\-n-TKLL\main.c
              timeOf7Seg1   0x000142       data     extern C:\Users\MyLinh\Documents\GitHub\-n-TKLL\main.c
              timeOf7Seg2   0x000143       data     extern C:\Users\MyLinh\Documents\GitHub\-n-TKLL\main.c
              timeOfGreen   0x000140       data     extern C:\Users\MyLinh\Documents\GitHub\-n-TKLL\main.c
                timeOfRed   0x00013f       data     extern C:\Users\MyLinh\Documents\GitHub\-n-TKLL\main.c
             timeOfYellow   0x000141       data     extern C:\Users\MyLinh\Documents\GitHub\-n-TKLL\main.c
               timer0_cnt   0x000159       data     extern C:\Users\MyLinh\Documents\GitHub\-n-TKLL\timer\timer.c
             timer0_value   0x000149       data     extern C:\Users\MyLinh\Documents\GitHub\-n-TKLL\timer\timer.c
               timer1_cnt   0x00015b       data     extern C:\Users\MyLinh\Documents\GitHub\-n-TKLL\timer\timer.c
             timer1_value   0x00014b       data     extern C:\Users\MyLinh\Documents\GitHub\-n-TKLL\timer\timer.c
               timer2_cnt   0x00015d       data     extern C:\Users\MyLinh\Documents\GitHub\-n-TKLL\timer\timer.c
             timer2_value   0x00014d       data     extern C:\Users\MyLinh\Documents\GitHub\-n-TKLL\timer\timer.c
               timer3_cnt   0x00015f       data     extern C:\Users\MyLinh\Documents\GitHub\-n-TKLL\timer\timer.c
             timer3_value   0x00014f       data     extern C:\Users\MyLinh\Documents\GitHub\-n-TKLL\timer\timer.c
           trafficCounter   0x000145       data     extern C:\Users\MyLinh\Documents\GitHub\-n-TKLL\main.c
                   v_cnt0   0x000155       data     extern C:\Users\MyLinh\Documents\GitHub\-n-TKLL\timer\timer.c
                   v_cnt1   0x000157       data     extern C:\Users\MyLinh\Documents\GitHub\-n-TKLL\timer\timer.c
              waitCounter   0x000147       data     extern C:\Users\MyLinh\Documents\GitHub\-n-TKLL\main.c
               write_data   0x0000e8       data     extern C:\Users\MyLinh\Documents\GitHub\-n-TKLL\i2c\i2c.c



                              Symbols - Sorted by Address
                     Name    Address   Location    Storage File                     
                ---------  ---------  ---------  --------- ---------                
                   _entry   0x000000    program     extern E:\3.46\pic18-lt\cxx-framework\src\traditional\startup\c018i.c
       ___return_lbl00000   0x000004    program     static                          
                   __init   0x000006    program     extern E:\3.46\pic18-lt\cxx-framework\src\traditional\stdclib\__init.c
      InterruptVectorHigh   0x000008    program     extern C:\Users\MyLinh\Documents\GitHub\-n-TKLL\interrupt\interrupt.c
       ___return_lbl00003   0x00000c    program     static                          
[...]
                     DDRB   0x000f93       data     extern E:\3.46\pic18-lt\cxx-framework\src\traditional\proc\p18f4620.asm
                 DDRBbits   0x000f93       data     extern E:\3.46\pic18-lt\cxx-framework\src\traditional\proc\p18f4620.asm
                TRISBbits   0x000f93       data     extern E:\3.46\pic18-lt\cxx-framework\src\traditional\proc\p18f4620.asm
                TRISCbits   0x000f94       data     extern E:\3.46\pic18-lt\cxx-framework\src\traditional\proc\p18f4620.asm
                    TRISC   0x000f94       data     extern E:\3.46\pic18-lt\cxx-framework\src\traditional\proc\p18f4620.asm
                     DDRC   0x000f94       data     extern E:\3.46\pic18-lt\cxx-framework\src\traditional\proc\p18f4620.asm
                 DDRCbits   0x000f94       data     extern E:\3.46\pic18-lt\cxx-framework\src\traditional\proc\p18f4620.asm
                    TRISD   0x000f95       data     extern E:\3.46\pic18-lt\cxx-framework\src\traditional\proc\p18f4620.asm
                TRISDbits   0x000f95       data     extern E:\3.46\pic18-lt\cxx-framework\src\traditional\proc\p18f4620.asm
                     DDRD   0x000f95       data     extern E:\3.46\pic18-lt\cxx-framework\src\traditional\proc\p18f4620.asm
                 DDRDbits   0x000f95       data     extern E:\3.46\pic18-lt\cxx-framework\src\traditional\proc\p18f4620.asm
                    TRISE   0x000f96       data     extern E:\3.46\pic18-lt\cxx-framework\src\traditional\proc\p18f4620.asm
                TRISEbits   0x000f96       data     extern E:\3.46\pic18-lt\cxx-framework\src\traditional\proc\p18f4620.asm
                 DDREbits   0x000f96       data     extern E:\3.46\pic18-lt\cxx-framework\src\traditional\proc\p18f4620.asm
                     DDRE   0x000f96       data     extern E:\3.46\pic18-lt\cxx-framework\src\traditional\proc\p18f4620.asm
                  OSCTUNE   0x000f9b       data     extern E:\3.46\pic18-lt\cxx-framework\src\traditional\proc\p18f4620.asm
              OSCTUNEbits   0x000f9b       data     extern E:\3.46\pic18-lt\cxx-framework\src\traditional\proc\p18f4620.asm
                 PIE1bits   0x000f9d       data     extern E:\3.46\pic18-lt\cxx-framework\src\traditional\proc\p18f4620.asm
                     PIE1   0x000f9d       data     extern E:\3.46\pic18-lt\cxx-framework\src\traditional\proc\p18f4620.asm
                 PIR1bits   0x000f9e       data     extern E:\3.46\pic18-lt\cxx-framework\src\traditional\proc\p18f4620.asm
                     PIR1   0x000f9e       data     extern E:\3.46\pic18-lt\cxx-framework\src\traditional\proc\p18f4620.asm
                     IPR1   0x000f9f       data     extern E:\3.46\pic18-lt\cxx-framework\src\traditional\proc\p18f4620.asm
                 IPR1bits   0x000f9f       data     extern E:\3.46\pic18-lt\cxx-framework\src\traditional\proc\p18f4620.asm
                 PIE2bits   0x000fa0       data     extern E:\3.46\pic18-lt\cxx-framework\src\traditional\proc\p18f4620.asm
                     PIE2   0x000fa0       data     extern E:\3.46\pic18-lt\cxx-framework\src\traditional\proc\p18f4620.asm
                 PIR2bits   0x000fa1       data     extern E:\3.46\pic18-lt\cxx-framework\src\traditional\proc\p18f4620.asm
                     PIR2   0x000fa1       data     extern E:\3.46\pic18-lt\cxx-framework\src\traditional\proc\p18f4620.asm
                     IPR2   0x000fa2       data     extern E:\3.46\pic18-lt\cxx-framework\src\traditional\proc\p18f4620.asm
                 IPR2bits   0x000fa2       data     extern E:\3.46\pic18-lt\cxx-framework\src\traditional\proc\p18f4620.asm
                   EECON1   0x000fa6       data     extern E:\3.46\pic18-lt\cxx-framework\src\traditional\proc\p18f4620.asm
               EECON1bits   0x000fa6       data     extern E:\3.46\pic18-lt\cxx-framework\src\traditional\proc\p18f4620.asm
                   EECON2   0x000fa7       data     extern E:\3.46\pic18-lt\cxx-framework\src\traditional\proc\p18f4620.asm
                   EEDATA   0x000fa8       data     extern E:\3.46\pic18-lt\cxx-framework\src\traditional\proc\p18f4620.asm
                    EEADR   0x000fa9       data     extern E:\3.46\pic18-lt\cxx-framework\src\traditional\proc\p18f4620.asm
                   EEADRH   0x000faa       data     extern E:\3.46\pic18-lt\cxx-framework\src\traditional\proc\p18f4620.asm
                    RCSTA   0x000fab       data     extern E:\3.46\pic18-lt\cxx-framework\src\traditional\proc\p18f4620.asm
                RCSTAbits   0x000fab       data     extern E:\3.46\pic18-lt\cxx-framework\src\traditional\proc\p18f4620.asm
                TXSTAbits   0x000fac       data     extern E:\3.46\pic18-lt\cxx-framework\src\traditional\proc\p18f4620.asm
                    TXSTA   0x000fac       data     extern E:\3.46\pic18-lt\cxx-framework\src\traditional\proc\p18f4620.asm
                    TXREG   0x000fad       data     extern E:\3.46\pic18-lt\cxx-framework\src\traditional\proc\p18f4620.asm
                    RCREG   0x000fae       data     extern E:\3.46\pic18-lt\cxx-framework\src\traditional\proc\p18f4620.asm
                    SPBRG   0x000faf       data     extern E:\3.46\pic18-lt\cxx-framework\src\traditional\proc\p18f4620.asm
                   SPBRGH   0x000fb0       data     extern E:\3.46\pic18-lt\cxx-framework\src\traditional\proc\p18f4620.asm
                    T3CON   0x000fb1       data     extern E:\3.46\pic18-lt\cxx-framework\src\traditional\proc\p18f4620.asm
                T3CONbits   0x000fb1       data     extern E:\3.46\pic18-lt\cxx-framework\src\traditional\proc\p18f4620.asm
                    TMR3L   0x000fb2       data     extern E:\3.46\pic18-lt\cxx-framework\src\traditional\proc\p18f4620.asm
                    TMR3H   0x000fb3       data     extern E:\3.46\pic18-lt\cxx-framework\src\traditional\proc\p18f4620.asm
                    CMCON   0x000fb4       data     extern E:\3.46\pic18-lt\cxx-framework\src\traditional\proc\p18f4620.asm
                CMCONbits   0x000fb4       data     extern E:\3.46\pic18-lt\cxx-framework\src\traditional\proc\p18f4620.asm
                   CVRCON   0x000fb5       data     extern E:\3.46\pic18-lt\cxx-framework\src\traditional\proc\p18f4620.asm
               CVRCONbits   0x000fb5       data     extern E:\3.46\pic18-lt\cxx-framework\src\traditional\proc\p18f4620.asm
              ECCP1ASbits   0x000fb6       data     extern E:\3.46\pic18-lt\cxx-framework\src\traditional\proc\p18f4620.asm
                  ECCP1AS   0x000fb6       data     extern E:\3.46\pic18-lt\cxx-framework\src\traditional\proc\p18f4620.asm
                  PWM1CON   0x000fb7       data     extern E:\3.46\pic18-lt\cxx-framework\src\traditional\proc\p18f4620.asm
              PWM1CONbits   0x000fb7       data     extern E:\3.46\pic18-lt\cxx-framework\src\traditional\proc\p18f4620.asm
              BAUDCTLbits   0x000fb8       data     extern E:\3.46\pic18-lt\cxx-framework\src\traditional\proc\p18f4620.asm
                  BAUDCTL   0x000fb8       data     extern E:\3.46\pic18-lt\cxx-framework\src\traditional\proc\p18f4620.asm
              BAUDCONbits   0x000fb8       data     extern E:\3.46\pic18-lt\cxx-framework\src\traditional\proc\p18f4620.asm
                  BAUDCON   0x000fb8       data     extern E:\3.46\pic18-lt\cxx-framework\src\traditional\proc\p18f4620.asm
              CCP2CONbits   0x000fba       data     extern E:\3.46\pic18-lt\cxx-framework\src\traditional\proc\p18f4620.asm
                  CCP2CON   0x000fba       data     extern E:\3.46\pic18-lt\cxx-framework\src\traditional\proc\p18f4620.asm
                   CCPR2L   0x000fbb       data     extern E:\3.46\pic18-lt\cxx-framework\src\traditional\proc\p18f4620.asm
                    CCPR2   0x000fbb       data     extern E:\3.46\pic18-lt\cxx-framework\src\traditional\proc\p18f4620.asm
                   CCPR2H   0x000fbc       data     extern E:\3.46\pic18-lt\cxx-framework\src\traditional\proc\p18f4620.asm
                  CCP1CON   0x000fbd       data     extern E:\3.46\pic18-lt\cxx-framework\src\traditional\proc\p18f4620.asm
              CCP1CONbits   0x000fbd       data     extern E:\3.46\pic18-lt\cxx-framework\src\traditional\proc\p18f4620.asm
                   CCPR1L   0x000fbe       data     extern E:\3.46\pic18-lt\cxx-framework\src\traditional\proc\p18f4620.asm
                    CCPR1   0x000fbe       data     extern E:\3.46\pic18-lt\cxx-framework\src\traditional\proc\p18f4620.asm
                   CCPR1H   0x000fbf       data     extern E:\3.46\pic18-lt\cxx-framework\src\traditional\proc\p18f4620.asm
               ADCON2bits   0x000fc0       data     extern E:\3.46\pic18-lt\cxx-framework\src\traditional\proc\p18f4620.asm
                   ADCON2   0x000fc0       data     extern E:\3.46\pic18-lt\cxx-framework\src\traditional\proc\p18f4620.asm
               ADCON1bits   0x000fc1       data     extern E:\3.46\pic18-lt\cxx-framework\src\traditional\proc\p18f4620.asm
                   ADCON1   0x000fc1       data     extern E:\3.46\pic18-lt\cxx-framework\src\traditional\proc\p18f4620.asm
                   ADCON0   0x000fc2       data     extern E:\3.46\pic18-lt\cxx-framework\src\traditional\proc\p18f4620.asm
               ADCON0bits   0x000fc2       data     extern E:\3.46\pic18-lt\cxx-framework\src\traditional\proc\p18f4620.asm
                    ADRES   0x000fc3       data     extern E:\3.46\pic18-lt\cxx-framework\src\traditional\proc\p18f4620.asm
                   ADRESL   0x000fc3       data     extern E:\3.46\pic18-lt\cxx-framework\src\traditional\proc\p18f4620.asm
                   ADRESH   0x000fc4       data     extern E:\3.46\pic18-lt\cxx-framework\src\traditional\proc\p18f4620.asm
                  SSPCON2   0x000fc5       data     extern E:\3.46\pic18-lt\cxx-framework\src\traditional\proc\p18f4620.asm
              SSPCON2bits   0x000fc5       data     extern E:\3.46\pic18-lt\cxx-framework\src\traditional\proc\p18f4620.asm
                  SSPCON1   0x000fc6       data     extern E:\3.46\pic18-lt\cxx-framework\src\traditional\proc\p18f4620.asm
              SSPCON1bits   0x000fc6       data     extern E:\3.46\pic18-lt\cxx-framework\src\traditional\proc\p18f4620.asm
                  SSPSTAT   0x000fc7       data     extern E:\3.46\pic18-lt\cxx-framework\src\traditional\proc\p18f4620.asm
              SSPSTATbits   0x000fc7       data     extern E:\3.46\pic18-lt\cxx-framework\src\traditional\proc\p18f4620.asm
                   SSPADD   0x000fc8       data     extern E:\3.46\pic18-lt\cxx-framework\src\traditional\proc\p18f4620.asm
                   SSPBUF   0x000fc9       data     extern E:\3.46\pic18-lt\cxx-framework\src\traditional\proc\p18f4620.asm
                    T2CON   0x000fca       data     extern E:\3.46\pic18-lt\cxx-framework\src\traditional\proc\p18f4620.asm
                T2CONbits   0x000fca       data     extern E:\3.46\pic18-lt\cxx-framework\src\traditional\proc\p18f4620.asm
                      PR2   0x000fcb       data     extern E:\3.46\pic18-lt\cxx-framework\src\traditional\proc\p18f4620.asm
                     TMR2   0x000fcc       data     extern E:\3.46\pic18-lt\cxx-framework\src\traditional\proc\p18f4620.asm
                T1CONbits   0x000fcd       data     extern E:\3.46\pic18-lt\cxx-framework\src\traditional\proc\p18f4620.asm
                    T1CON   0x000fcd       data     extern E:\3.46\pic18-lt\cxx-framework\src\traditional\proc\p18f4620.asm
                    TMR1L   0x000fce       data     extern E:\3.46\pic18-lt\cxx-framework\src\traditional\proc\p18f4620.asm
                    TMR1H   0x000fcf       data     extern E:\3.46\pic18-lt\cxx-framework\src\traditional\proc\p18f4620.asm
                     RCON   0x000fd0       data     extern E:\3.46\pic18-lt\cxx-framework\src\traditional\proc\p18f4620.asm
                 RCONbits   0x000fd0       data     extern E:\3.46\pic18-lt\cxx-framework\src\traditional\proc\p18f4620.asm
               WDTCONbits   0x000fd1       data     extern E:\3.46\pic18-lt\cxx-framework\src\traditional\proc\p18f4620.asm
                   WDTCON   0x000fd1       data     extern E:\3.46\pic18-lt\cxx-framework\src\traditional\proc\p18f4620.asm
               LVDCONbits   0x000fd2       data     extern E:\3.46\pic18-lt\cxx-framework\src\traditional\proc\p18f4620.asm
                   LVDCON   0x000fd2       data     extern E:\3.46\pic18-lt\cxx-framework\src\traditional\proc\p18f4620.asm
              HLVDCONbits   0x000fd2       data     extern E:\3.46\pic18-lt\cxx-framework\src\traditional\proc\p18f4620.asm
                  HLVDCON   0x000fd2       data     extern E:\3.46\pic18-lt\cxx-framework\src\traditional\proc\p18f4620.asm
               OSCCONbits   0x000fd3       data     extern E:\3.46\pic18-lt\cxx-framework\src\traditional\proc\p18f4620.asm
                   OSCCON   0x000fd3       data     extern E:\3.46\pic18-lt\cxx-framework\src\traditional\proc\p18f4620.asm
                T0CONbits   0x000fd5       data     extern E:\3.46\pic18-lt\cxx-framework\src\traditional\proc\p18f4620.asm
                    T0CON   0x000fd5       data     extern E:\3.46\pic18-lt\cxx-framework\src\traditional\proc\p18f4620.asm
                    TMR0L   0x000fd6       data     extern E:\3.46\pic18-lt\cxx-framework\src\traditional\proc\p18f4620.asm
                    TMR0H   0x000fd7       data     extern E:\3.46\pic18-lt\cxx-framework\src\traditional\proc\p18f4620.asm
                   STATUS   0x000fd8       data     extern E:\3.46\pic18-lt\cxx-framework\src\traditional\proc\p18f4620.asm
               STATUSbits   0x000fd8       data     extern E:\3.46\pic18-lt\cxx-framework\src\traditional\proc\p18f4620.asm
                     FSR2   0x000fd9       data     extern E:\3.46\pic18-lt\cxx-framework\src\traditional\proc\p18f4620.asm
                    FSR2L   0x000fd9       data     extern E:\3.46\pic18-lt\cxx-framework\src\traditional\proc\p18f4620.asm
                    FSR2H   0x000fda       data     extern E:\3.46\pic18-lt\cxx-framework\src\traditional\proc\p18f4620.asm
                   PLUSW2   0x000fdb       data     extern E:\3.46\pic18-lt\cxx-framework\src\traditional\proc\p18f4620.asm
                  PREINC2   0x000fdc       data     extern E:\3.46\pic18-lt\cxx-framework\src\traditional\proc\p18f4620.asm
                 POSTDEC2   0x000fdd       data     extern E:\3.46\pic18-lt\cxx-framework\src\traditional\proc\p18f4620.asm
                 POSTINC2   0x000fde       data     extern E:\3.46\pic18-lt\cxx-framework\src\traditional\proc\p18f4620.asm
                    INDF2   0x000fdf       data     extern E:\3.46\pic18-lt\cxx-framework\src\traditional\proc\p18f4620.asm
                      BSR   0x000fe0       data     extern E:\3.46\pic18-lt\cxx-framework\src\traditional\proc\p18f4620.asm
                     FSR1   0x000fe1       data     extern E:\3.46\pic18-lt\cxx-framework\src\traditional\proc\p18f4620.asm
                    FSR1L   0x000fe1       data     extern E:\3.46\pic18-lt\cxx-framework\src\traditional\proc\p18f4620.asm
                    FSR1H   0x000fe2       data     extern E:\3.46\pic18-lt\cxx-framework\src\traditional\proc\p18f4620.asm
                   PLUSW1   0x000fe3       data     extern E:\3.46\pic18-lt\cxx-framework\src\traditional\proc\p18f4620.asm
                  PREINC1   0x000fe4       data     extern E:\3.46\pic18-lt\cxx-framework\src\traditional\proc\p18f4620.asm
                 POSTDEC1   0x000fe5       data     extern E:\3.46\pic18-lt\cxx-framework\src\traditional\proc\p18f4620.asm
                 POSTINC1   0x000fe6       data     extern E:\3.46\pic18-lt\cxx-framework\src\traditional\proc\p18f4620.asm
                    INDF1   0x000fe7       data     extern E:\3.46\pic18-lt\cxx-framework\src\traditional\proc\p18f4620.asm
                        W   0x000fe8       data     extern E:\3.46\pic18-lt\cxx-framework\src\traditional\proc\p18f4620.asm
                     WREG   0x000fe8       data     extern E:\3.46\pic18-lt\cxx-framework\src\traditional\proc\p18f4620.asm
                    FSR0L   0x000fe9       data     extern E:\3.46\pic18-lt\cxx-framework\src\traditional\proc\p18f4620.asm
                     FSR0   0x000fe9       data     extern E:\3.46\pic18-lt\cxx-framework\src\traditional\proc\p18f4620.asm
                    FSR0H   0x000fea       data     extern E:\3.46\pic18-lt\cxx-framework\src\traditional\proc\p18f4620.asm
                   PLUSW0   0x000feb       data     extern E:\3.46\pic18-lt\cxx-framework\src\traditional\proc\p18f4620.asm
                  PREINC0   0x000fec       data     extern E:\3.46\pic18-lt\cxx-framework\src\traditional\proc\p18f4620.asm
                 POSTDEC0   0x000fed       data     extern E:\3.46\pic18-lt\cxx-framework\src\traditional\proc\p18f4620.asm
                 POSTINC0   0x000fee       data     extern E:\3.46\pic18-lt\cxx-framework\src\traditional\proc\p18f4620.asm
                    INDF0   0x000fef       data     extern E:\3.46\pic18-lt\cxx-framework\src\traditional\proc\p18f4620.asm
              INTCON3bits   0x000ff0       data     extern E:\3.46\pic18-lt\cxx-framework\src\traditional\proc\p18f4620.asm
                  INTCON3   0x000ff0       data     extern E:\3.46\pic18-lt\cxx-framework\src\traditional\proc\p18f4620.asm
                  INTCON2   0x000ff1       data     extern E:\3.46\pic18-lt\cxx-framework\src\traditional\proc\p18f4620.asm
              INTCON2bits   0x000ff1       data     extern E:\3.46\pic18-lt\cxx-framework\src\traditional\proc\p18f4620.asm
                   INTCON   0x000ff2       data     extern E:\3.46\pic18-lt\cxx-framework\src\traditional\proc\p18f4620.asm
               INTCONbits   0x000ff2       data     extern E:\3.46\pic18-lt\cxx-framework\src\traditional\proc\p18f4620.asm
                     PROD   0x000ff3       data     extern E:\3.46\pic18-lt\cxx-framework\src\traditional\proc\p18f4620.asm
                    PRODL   0x000ff3       data     extern E:\3.46\pic18-lt\cxx-framework\src\traditional\proc\p18f4620.asm
                    PRODH   0x000ff4       data     extern E:\3.46\pic18-lt\cxx-framework\src\traditional\proc\p18f4620.asm
                   TABLAT   0x000ff5       data     extern E:\3.46\pic18-lt\cxx-framework\src\traditional\proc\p18f4620.asm
                  TBLPTRL   0x000ff6       data     extern E:\3.46\pic18-lt\cxx-framework\src\traditional\proc\p18f4620.asm
                   TBLPTR   0x000ff6       data     extern E:\3.46\pic18-lt\cxx-framework\src\traditional\proc\p18f4620.asm
                  TBLPTRH   0x000ff7       data     extern E:\3.46\pic18-lt\cxx-framework\src\traditional\proc\p18f4620.asm
                  TBLPTRU   0x000ff8       data     extern E:\3.46\pic18-lt\cxx-framework\src\traditional\proc\p18f4620.asm
                       PC   0x000ff9       data     extern E:\3.46\pic18-lt\cxx-framework\src\traditional\proc\p18f4620.asm
                      PCL   0x000ff9       data     extern E:\3.46\pic18-lt\cxx-framework\src\traditional\proc\p18f4620.asm
                   PCLATH   0x000ffa       data     extern E:\3.46\pic18-lt\cxx-framework\src\traditional\proc\p18f4620.asm
                   PCLATU   0x000ffb       data     extern E:\3.46\pic18-lt\cxx-framework\src\traditional\proc\p18f4620.asm
                   STKPTR   0x000ffc       data     extern E:\3.46\pic18-lt\cxx-framework\src\traditional\proc\p18f4620.asm
               STKPTRbits   0x000ffc       data     extern E:\3.46\pic18-lt\cxx-framework\src\traditional\proc\p18f4620.asm
                      TOS   0x000ffd       data     extern E:\3.46\pic18-lt\cxx-framework\src\traditional\proc\p18f4620.asm
                     TOSL   0x000ffd       data     extern E:\3.46\pic18-lt\cxx-framework\src\traditional\proc\p18f4620.asm
                     TOSH   0x000ffe       data     extern E:\3.46\pic18-lt\cxx-framework\src\traditional\proc\p18f4620.asm
                     TOSU   0x000fff       data     extern E:\3.46\pic18-lt\cxx-framework\src\traditional\proc\p18f4620.asm


